Archive member included to satisfy reference by file (symbol)

c:/progra~2/gnuarm~1/102021~1.10/bin/../lib/gcc/arm-none-eabi/10.3.1/thumb/v7e-m/nofp\libgcc.a(_aeabi_uldivmod.o)
                              CMakeFiles/STM32F4xxHalFWLib.elf.dir/Drivers/STM32F4xx_HAL_Driver/Src/stm32f4xx_hal_rcc.c.obj (__aeabi_uldivmod)
c:/progra~2/gnuarm~1/102021~1.10/bin/../lib/gcc/arm-none-eabi/10.3.1/thumb/v7e-m/nofp\libgcc.a(_udivmoddi4.o)
                              c:/progra~2/gnuarm~1/102021~1.10/bin/../lib/gcc/arm-none-eabi/10.3.1/thumb/v7e-m/nofp\libgcc.a(_aeabi_uldivmod.o) (__udivmoddi4)
c:/progra~2/gnuarm~1/102021~1.10/bin/../lib/gcc/arm-none-eabi/10.3.1/thumb/v7e-m/nofp\libgcc.a(_dvmd_tls.o)
                              c:/progra~2/gnuarm~1/102021~1.10/bin/../lib/gcc/arm-none-eabi/10.3.1/thumb/v7e-m/nofp\libgcc.a(_aeabi_uldivmod.o) (__aeabi_ldiv0)
c:/progra~2/gnuarm~1/102021~1.10/bin/../lib/gcc/arm-none-eabi/10.3.1/../../../../arm-none-eabi/lib/thumb/v7e-m/nofp\libg.a(lib_a-errno.o)
                              CMakeFiles/STM32F4xxHalFWLib.elf.dir/Core/Src/syscalls.c.obj (__errno)
c:/progra~2/gnuarm~1/102021~1.10/bin/../lib/gcc/arm-none-eabi/10.3.1/../../../../arm-none-eabi/lib/thumb/v7e-m/nofp\libg.a(lib_a-exit.o)
                              c:/progra~2/gnuarm~1/102021~1.10/bin/../lib/gcc/arm-none-eabi/10.3.1/../../../../arm-none-eabi/lib/thumb/v7e-m/nofp/crt0.o (exit)
c:/progra~2/gnuarm~1/102021~1.10/bin/../lib/gcc/arm-none-eabi/10.3.1/../../../../arm-none-eabi/lib/thumb/v7e-m/nofp\libg.a(lib_a-impure.o)
                              c:/progra~2/gnuarm~1/102021~1.10/bin/../lib/gcc/arm-none-eabi/10.3.1/../../../../arm-none-eabi/lib/thumb/v7e-m/nofp\libg.a(lib_a-exit.o) (_global_impure_ptr)
c:/progra~2/gnuarm~1/102021~1.10/bin/../lib/gcc/arm-none-eabi/10.3.1/../../../../arm-none-eabi/lib/thumb/v7e-m/nofp\libg.a(lib_a-init.o)
                              c:/progra~2/gnuarm~1/102021~1.10/bin/../lib/gcc/arm-none-eabi/10.3.1/../../../../arm-none-eabi/lib/thumb/v7e-m/nofp/crt0.o (__libc_init_array)
c:/progra~2/gnuarm~1/102021~1.10/bin/../lib/gcc/arm-none-eabi/10.3.1/../../../../arm-none-eabi/lib/thumb/v7e-m/nofp\libg.a(lib_a-memset.o)
                              c:/progra~2/gnuarm~1/102021~1.10/bin/../lib/gcc/arm-none-eabi/10.3.1/../../../../arm-none-eabi/lib/thumb/v7e-m/nofp/crt0.o (memset)
c:/progra~2/gnuarm~1/102021~1.10/bin/../lib/gcc/arm-none-eabi/10.3.1/../../../../arm-none-eabi/lib/thumb/v7e-m/nofp\libg.a(lib_a-__call_atexit.o)
                              c:/progra~2/gnuarm~1/102021~1.10/bin/../lib/gcc/arm-none-eabi/10.3.1/../../../../arm-none-eabi/lib/thumb/v7e-m/nofp\libg.a(lib_a-exit.o) (__call_exitprocs)
c:/progra~2/gnuarm~1/102021~1.10/bin/../lib/gcc/arm-none-eabi/10.3.1/../../../../arm-none-eabi/lib/thumb/v7e-m/nofp\libg.a(lib_a-atexit.o)
                              c:/progra~2/gnuarm~1/102021~1.10/bin/../lib/gcc/arm-none-eabi/10.3.1/../../../../arm-none-eabi/lib/thumb/v7e-m/nofp\libg.a(lib_a-__call_atexit.o) (atexit)
c:/progra~2/gnuarm~1/102021~1.10/bin/../lib/gcc/arm-none-eabi/10.3.1/../../../../arm-none-eabi/lib/thumb/v7e-m/nofp\libg.a(lib_a-fini.o)
                              c:/progra~2/gnuarm~1/102021~1.10/bin/../lib/gcc/arm-none-eabi/10.3.1/../../../../arm-none-eabi/lib/thumb/v7e-m/nofp\libg.a(lib_a-__call_atexit.o) (__libc_fini_array)
c:/progra~2/gnuarm~1/102021~1.10/bin/../lib/gcc/arm-none-eabi/10.3.1/../../../../arm-none-eabi/lib/thumb/v7e-m/nofp\libg.a(lib_a-lock.o)
                              c:/progra~2/gnuarm~1/102021~1.10/bin/../lib/gcc/arm-none-eabi/10.3.1/../../../../arm-none-eabi/lib/thumb/v7e-m/nofp\libg.a(lib_a-__call_atexit.o) (__retarget_lock_acquire_recursive)
c:/progra~2/gnuarm~1/102021~1.10/bin/../lib/gcc/arm-none-eabi/10.3.1/../../../../arm-none-eabi/lib/thumb/v7e-m/nofp\libg.a(lib_a-__atexit.o)
                              c:/progra~2/gnuarm~1/102021~1.10/bin/../lib/gcc/arm-none-eabi/10.3.1/../../../../arm-none-eabi/lib/thumb/v7e-m/nofp\libg.a(lib_a-atexit.o) (__register_exitproc)

Discarded input sections

 .text          0x00000000        0x0 c:/progra~2/gnuarm~1/102021~1.10/bin/../lib/gcc/arm-none-eabi/10.3.1/thumb/v7e-m/nofp/crti.o
 .data          0x00000000        0x0 c:/progra~2/gnuarm~1/102021~1.10/bin/../lib/gcc/arm-none-eabi/10.3.1/thumb/v7e-m/nofp/crti.o
 .bss           0x00000000        0x0 c:/progra~2/gnuarm~1/102021~1.10/bin/../lib/gcc/arm-none-eabi/10.3.1/thumb/v7e-m/nofp/crti.o
 .data          0x00000000        0x4 c:/progra~2/gnuarm~1/102021~1.10/bin/../lib/gcc/arm-none-eabi/10.3.1/thumb/v7e-m/nofp/crtbegin.o
 .rodata        0x00000000       0x24 c:/progra~2/gnuarm~1/102021~1.10/bin/../lib/gcc/arm-none-eabi/10.3.1/thumb/v7e-m/nofp/crtbegin.o
 .text          0x00000000       0x7c c:/progra~2/gnuarm~1/102021~1.10/bin/../lib/gcc/arm-none-eabi/10.3.1/../../../../arm-none-eabi/lib/thumb/v7e-m/nofp/crt0.o
[...]
Memory Configuration

Name             Origin             Length             Attributes
CCMRAM           0x10000000         0x00010000         xrw
RAM              0x20000000         0x00030000         xrw
FLASH            0x08000000         0x00100000         xr
*default*        0x00000000         0xffffffff

Linker script and memory map

LOAD c:/progra~2/gnuarm~1/102021~1.10/bin/../lib/gcc/arm-none-eabi/10.3.1/thumb/v7e-m/nofp/crti.o
LOAD c:/progra~2/gnuarm~1/102021~1.10/bin/../lib/gcc/arm-none-eabi/10.3.1/thumb/v7e-m/nofp/crtbegin.o
LOAD c:/progra~2/gnuarm~1/102021~1.10/bin/../lib/gcc/arm-none-eabi/10.3.1/../../../../arm-none-eabi/lib/thumb/v7e-m/nofp/crt0.o
LOAD CMakeFiles/STM32F4xxHalFWLib.elf.dir/Core/Src/main.c.obj
LOAD CMakeFiles/STM32F4xxHalFWLib.elf.dir/Core/Src/stm32f4xx_hal_msp.c.obj
LOAD CMakeFiles/STM32F4xxHalFWLib.elf.dir/Core/Src/stm32f4xx_it.c.obj
LOAD CMakeFiles/STM32F4xxHalFWLib.elf.dir/Core/Src/syscalls.c.obj
LOAD CMakeFiles/STM32F4xxHalFWLib.elf.dir/Core/Src/sysmem.c.obj
LOAD CMakeFiles/STM32F4xxHalFWLib.elf.dir/Core/Src/system_stm32f4xx.c.obj
LOAD CMakeFiles/STM32F4xxHalFWLib.elf.dir/Core/Startup/startup_stm32f429igtx.s.obj
LOAD CMakeFiles/STM32F4xxHalFWLib.elf.dir/Drivers/STM32F4xx_HAL_Driver/Src/stm32f4xx_hal.c.obj
LOAD CMakeFiles/STM32F4xxHalFWLib.elf.dir/Drivers/STM32F4xx_HAL_Driver/Src/stm32f4xx_hal_cortex.c.obj
LOAD CMakeFiles/STM32F4xxHalFWLib.elf.dir/Drivers/STM32F4xx_HAL_Driver/Src/stm32f4xx_hal_dma.c.obj
LOAD CMakeFiles/STM32F4xxHalFWLib.elf.dir/Drivers/STM32F4xx_HAL_Driver/Src/stm32f4xx_hal_dma_ex.c.obj
LOAD CMakeFiles/STM32F4xxHalFWLib.elf.dir/Drivers/STM32F4xx_HAL_Driver/Src/stm32f4xx_hal_exti.c.obj
LOAD CMakeFiles/STM32F4xxHalFWLib.elf.dir/Drivers/STM32F4xx_HAL_Driver/Src/stm32f4xx_hal_flash.c.obj
LOAD CMakeFiles/STM32F4xxHalFWLib.elf.dir/Drivers/STM32F4xx_HAL_Driver/Src/stm32f4xx_hal_flash_ex.c.obj
LOAD CMakeFiles/STM32F4xxHalFWLib.elf.dir/Drivers/STM32F4xx_HAL_Driver/Src/stm32f4xx_hal_flash_ramfunc.c.obj
LOAD CMakeFiles/STM32F4xxHalFWLib.elf.dir/Drivers/STM32F4xx_HAL_Driver/Src/stm32f4xx_hal_gpio.c.obj
LOAD CMakeFiles/STM32F4xxHalFWLib.elf.dir/Drivers/STM32F4xx_HAL_Driver/Src/stm32f4xx_hal_pwr.c.obj
LOAD CMakeFiles/STM32F4xxHalFWLib.elf.dir/Drivers/STM32F4xx_HAL_Driver/Src/stm32f4xx_hal_pwr_ex.c.obj
LOAD CMakeFiles/STM32F4xxHalFWLib.elf.dir/Drivers/STM32F4xx_HAL_Driver/Src/stm32f4xx_hal_rcc.c.obj
LOAD CMakeFiles/STM32F4xxHalFWLib.elf.dir/Drivers/STM32F4xx_HAL_Driver/Src/stm32f4xx_hal_rcc_ex.c.obj
LOAD CMakeFiles/STM32F4xxHalFWLib.elf.dir/Drivers/STM32F4xx_HAL_Driver/Src/stm32f4xx_hal_tim.c.obj
LOAD CMakeFiles/STM32F4xxHalFWLib.elf.dir/Drivers/STM32F4xx_HAL_Driver/Src/stm32f4xx_hal_tim_ex.c.obj
START GROUP
LOAD c:/progra~2/gnuarm~1/102021~1.10/bin/../lib/gcc/arm-none-eabi/10.3.1/thumb/v7e-m/nofp\libgcc.a
LOAD c:/progra~2/gnuarm~1/102021~1.10/bin/../lib/gcc/arm-none-eabi/10.3.1/../../../../arm-none-eabi/lib/thumb/v7e-m/nofp\libg.a
LOAD c:/progra~2/gnuarm~1/102021~1.10/bin/../lib/gcc/arm-none-eabi/10.3.1/../../../../arm-none-eabi/lib/thumb/v7e-m/nofp\libc.a
END GROUP
LOAD c:/progra~2/gnuarm~1/102021~1.10/bin/../lib/gcc/arm-none-eabi/10.3.1/thumb/v7e-m/nofp/crtend.o
LOAD c:/progra~2/gnuarm~1/102021~1.10/bin/../lib/gcc/arm-none-eabi/10.3.1/thumb/v7e-m/nofp/crtn.o
                0x20030000                _estack = (ORIGIN (RAM) + LENGTH (RAM))
                0x00000200                _Min_Heap_Size = 0x200
                0x00000400                _Min_Stack_Size = 0x400

.isr_vector     0x08000000      0x1ac
                0x08000000                . = ALIGN (0x4)
 *(.isr_vector)
 .isr_vector    0x08000000      0x1ac CMakeFiles/STM32F4xxHalFWLib.elf.dir/Core/Startup/startup_stm32f429igtx.s.obj
                0x08000000                g_pfnVectors
                0x080001ac                . = ALIGN (0x4)

.text           0x080001ac     0x16bc
                0x080001ac                . = ALIGN (0x4)
 *(.text)
 .text          0x080001ac       0x40 c:/progra~2/gnuarm~1/102021~1.10/bin/../lib/gcc/arm-none-eabi/10.3.1/thumb/v7e-m/nofp/crtbegin.o
 .text          0x080001ec       0x30 c:/progra~2/gnuarm~1/102021~1.10/bin/../lib/gcc/arm-none-eabi/10.3.1/thumb/v7e-m/nofp\libgcc.a(_aeabi_uldivmod.o)
                0x080001ec                __aeabi_uldivmod
 .text          0x0800021c      0x2d0 c:/progra~2/gnuarm~1/102021~1.10/bin/../lib/gcc/arm-none-eabi/10.3.1/thumb/v7e-m/nofp\libgcc.a(_udivmoddi4.o)
                0x0800021c                __udivmoddi4
 .text          0x080004ec        0x4 c:/progra~2/gnuarm~1/102021~1.10/bin/../lib/gcc/arm-none-eabi/10.3.1/thumb/v7e-m/nofp\libgcc.a(_dvmd_tls.o)
                0x080004ec                __aeabi_idiv0
                0x080004ec                __aeabi_ldiv0
 *(.text*)
 .text.main     0x080004f0       0x12 CMakeFiles/STM32F4xxHalFWLib.elf.dir/Core/Src/main.c.obj
                0x080004f0                main
 *fill*         0x08000502        0x2 
 .text.SystemClock_Config
                0x08000504       0xe4 CMakeFiles/STM32F4xxHalFWLib.elf.dir/Core/Src/main.c.obj
                0x08000504                SystemClock_Config
 .text.MX_GPIO_Init
                0x080005e8       0x88 CMakeFiles/STM32F4xxHalFWLib.elf.dir/Core/Src/main.c.obj
 .text.Error_Handler
                0x08000670        0xc CMakeFiles/STM32F4xxHalFWLib.elf.dir/Core/Src/main.c.obj
                0x08000670                Error_Handler
 .text.HAL_MspInit
                0x0800067c       0x4c CMakeFiles/STM32F4xxHalFWLib.elf.dir/Core/Src/stm32f4xx_hal_msp.c.obj
                0x0800067c                HAL_MspInit
 .text.NMI_Handler
                0x080006c8        0xc CMakeFiles/STM32F4xxHalFWLib.elf.dir/Core/Src/stm32f4xx_it.c.obj
                0x080006c8                NMI_Handler
 .text.HardFault_Handler
                0x080006d4        0x6 CMakeFiles/STM32F4xxHalFWLib.elf.dir/Core/Src/stm32f4xx_it.c.obj
                0x080006d4                HardFault_Handler
 .text.MemManage_Handler
                0x080006da        0x6 CMakeFiles/STM32F4xxHalFWLib.elf.dir/Core/Src/stm32f4xx_it.c.obj
                0x080006da                MemManage_Handler
 .text.BusFault_Handler
                0x080006e0        0x6 CMakeFiles/STM32F4xxHalFWLib.elf.dir/Core/Src/stm32f4xx_it.c.obj
                0x080006e0                BusFault_Handler
 .text.UsageFault_Handler
                0x080006e6        0x6 CMakeFiles/STM32F4xxHalFWLib.elf.dir/Core/Src/stm32f4xx_it.c.obj
                0x080006e6                UsageFault_Handler
 .text.SVC_Handler
                0x080006ec        0xc CMakeFiles/STM32F4xxHalFWLib.elf.dir/Core/Src/stm32f4xx_it.c.obj
                0x080006ec                SVC_Handler
 .text.DebugMon_Handler
                0x080006f8        0xc CMakeFiles/STM32F4xxHalFWLib.elf.dir/Core/Src/stm32f4xx_it.c.obj
                0x080006f8                DebugMon_Handler
 .text.PendSV_Handler
                0x08000704        0xc CMakeFiles/STM32F4xxHalFWLib.elf.dir/Core/Src/stm32f4xx_it.c.obj
                0x08000704                PendSV_Handler
 .text.SysTick_Handler
                0x08000710        0xc CMakeFiles/STM32F4xxHalFWLib.elf.dir/Core/Src/stm32f4xx_it.c.obj
                0x08000710                SysTick_Handler
 .text.SystemInit
                0x0800071c       0x18 CMakeFiles/STM32F4xxHalFWLib.elf.dir/Core/Src/system_stm32f4xx.c.obj
                0x0800071c                SystemInit
 .text.Reset_Handler
                0x08000734       0x50 CMakeFiles/STM32F4xxHalFWLib.elf.dir/Core/Startup/startup_stm32f429igtx.s.obj
                0x08000734                Reset_Handler
 .text.Default_Handler
                0x08000784        0x2 CMakeFiles/STM32F4xxHalFWLib.elf.dir/Core/Startup/startup_stm32f429igtx.s.obj
                0x08000784                RTC_Alarm_IRQHandler
                0x08000784                HASH_RNG_IRQHandler
                0x08000784                EXTI2_IRQHandler
                0x08000784                TIM8_CC_IRQHandler
                0x08000784                UART8_IRQHandler
                0x08000784                SPI4_IRQHandler
                0x08000784                TIM1_CC_IRQHandler
                0x08000784                DMA2_Stream5_IRQHandler
                0x08000784                DMA1_Stream5_IRQHandler
                0x08000784                PVD_IRQHandler
                0x08000784                SDIO_IRQHandler
                0x08000784                TAMP_STAMP_IRQHandler
                0x08000784                CAN2_RX1_IRQHandler
                0x08000784                EXTI3_IRQHandler
                0x08000784                TIM8_TRG_COM_TIM14_IRQHandler
                0x08000784                TIM1_UP_TIM10_IRQHandler
                0x08000784                TIM8_UP_TIM13_IRQHandler
                0x08000784                I2C3_ER_IRQHandler
                0x08000784                EXTI0_IRQHandler
                0x08000784                I2C2_EV_IRQHandler
                0x08000784                DMA1_Stream2_IRQHandler
                0x08000784                CAN1_RX0_IRQHandler
                0x08000784                FPU_IRQHandler
                0x08000784                OTG_HS_WKUP_IRQHandler
                0x08000784                LTDC_ER_IRQHandler
                0x08000784                CAN2_SCE_IRQHandler
                0x08000784                DMA2_Stream2_IRQHandler
                0x08000784                SPI1_IRQHandler
                0x08000784                TIM6_DAC_IRQHandler
                0x08000784                TIM1_BRK_TIM9_IRQHandler
                0x08000784                DCMI_IRQHandler
                0x08000784                CAN2_RX0_IRQHandler
                0x08000784                DMA2_Stream3_IRQHandler
                0x08000784                USART6_IRQHandler
                0x08000784                USART3_IRQHandler
                0x08000784                CAN1_RX1_IRQHandler
                0x08000784                UART5_IRQHandler
                0x08000784                DMA2_Stream0_IRQHandler
                0x08000784                TIM4_IRQHandler
                0x08000784                I2C1_EV_IRQHandler
                0x08000784                DMA1_Stream6_IRQHandler
                0x08000784                DMA1_Stream1_IRQHandler
                0x08000784                UART4_IRQHandler
                0x08000784                TIM3_IRQHandler
                0x08000784                RCC_IRQHandler
                0x08000784                TIM8_BRK_TIM12_IRQHandler
                0x08000784                Default_Handler
                0x08000784                EXTI15_10_IRQHandler
                0x08000784                ADC_IRQHandler
                0x08000784                DMA1_Stream7_IRQHandler
                0x08000784                SPI5_IRQHandler
                0x08000784                TIM7_IRQHandler
                0x08000784                CAN2_TX_IRQHandler
                0x08000784                TIM5_IRQHandler
                0x08000784                DMA2_Stream7_IRQHandler
                0x08000784                I2C3_EV_IRQHandler
                0x08000784                EXTI9_5_IRQHandler
                0x08000784                RTC_WKUP_IRQHandler
                0x08000784                LTDC_IRQHandler
                0x08000784                ETH_WKUP_IRQHandler
                0x08000784                SPI2_IRQHandler
                0x08000784                OTG_HS_EP1_IN_IRQHandler
                0x08000784                DMA1_Stream0_IRQHandler
                0x08000784                CAN1_TX_IRQHandler
                0x08000784                EXTI4_IRQHandler
                0x08000784                ETH_IRQHandler
                0x08000784                OTG_HS_EP1_OUT_IRQHandler
                0x08000784                WWDG_IRQHandler
                0x08000784                SPI6_IRQHandler
                0x08000784                TIM2_IRQHandler
                0x08000784                OTG_FS_WKUP_IRQHandler
                0x08000784                TIM1_TRG_COM_TIM11_IRQHandler
                0x08000784                OTG_HS_IRQHandler
                0x08000784                DMA2D_IRQHandler
                0x08000784                EXTI1_IRQHandler
                0x08000784                UART7_IRQHandler
                0x08000784                USART2_IRQHandler
                0x08000784                I2C2_ER_IRQHandler
                0x08000784                DMA2_Stream1_IRQHandler
                0x08000784                CAN1_SCE_IRQHandler
                0x08000784                FLASH_IRQHandler
                0x08000784                DMA2_Stream4_IRQHandler
                0x08000784                USART1_IRQHandler
                0x08000784                OTG_FS_IRQHandler
                0x08000784                SPI3_IRQHandler
                0x08000784                DMA1_Stream4_IRQHandler
                0x08000784                I2C1_ER_IRQHandler
                0x08000784                FMC_IRQHandler
                0x08000784                DMA2_Stream6_IRQHandler
                0x08000784                SAI1_IRQHandler
                0x08000784                DMA1_Stream3_IRQHandler
 *fill*         0x08000786        0x2 
 .text.HAL_Init
                0x08000788       0x44 CMakeFiles/STM32F4xxHalFWLib.elf.dir/Drivers/STM32F4xx_HAL_Driver/Src/stm32f4xx_hal.c.obj
                0x08000788                HAL_Init
 .text.HAL_InitTick
                0x080007cc       0x60 CMakeFiles/STM32F4xxHalFWLib.elf.dir/Drivers/STM32F4xx_HAL_Driver/Src/stm32f4xx_hal.c.obj
                0x080007cc                HAL_InitTick
 .text.HAL_IncTick
                0x0800082c       0x24 CMakeFiles/STM32F4xxHalFWLib.elf.dir/Drivers/STM32F4xx_HAL_Driver/Src/stm32f4xx_hal.c.obj
                0x0800082c                HAL_IncTick
 .text.HAL_GetTick
                0x08000850       0x14 CMakeFiles/STM32F4xxHalFWLib.elf.dir/Drivers/STM32F4xx_HAL_Driver/Src/stm32f4xx_hal.c.obj
                0x08000850                HAL_GetTick
 .text.__NVIC_SetPriorityGrouping
                0x08000864       0x48 CMakeFiles/STM32F4xxHalFWLib.elf.dir/Drivers/STM32F4xx_HAL_Driver/Src/stm32f4xx_hal_cortex.c.obj
 .text.__NVIC_GetPriorityGrouping
                0x080008ac       0x1c CMakeFiles/STM32F4xxHalFWLib.elf.dir/Drivers/STM32F4xx_HAL_Driver/Src/stm32f4xx_hal_cortex.c.obj
 .text.__NVIC_SetPriority
                0x080008c8       0x54 CMakeFiles/STM32F4xxHalFWLib.elf.dir/Drivers/STM32F4xx_HAL_Driver/Src/stm32f4xx_hal_cortex.c.obj
 .text.NVIC_EncodePriority
                0x0800091c       0x64 CMakeFiles/STM32F4xxHalFWLib.elf.dir/Drivers/STM32F4xx_HAL_Driver/Src/stm32f4xx_hal_cortex.c.obj
 .text.SysTick_Config
                0x08000980       0x44 CMakeFiles/STM32F4xxHalFWLib.elf.dir/Drivers/STM32F4xx_HAL_Driver/Src/stm32f4xx_hal_cortex.c.obj
 .text.HAL_NVIC_SetPriorityGrouping
                0x080009c4       0x16 CMakeFiles/STM32F4xxHalFWLib.elf.dir/Drivers/STM32F4xx_HAL_Driver/Src/stm32f4xx_hal_cortex.c.obj
                0x080009c4                HAL_NVIC_SetPriorityGrouping
 .text.HAL_NVIC_SetPriority
                0x080009da       0x38 CMakeFiles/STM32F4xxHalFWLib.elf.dir/Drivers/STM32F4xx_HAL_Driver/Src/stm32f4xx_hal_cortex.c.obj
                0x080009da                HAL_NVIC_SetPriority
 .text.HAL_SYSTICK_Config
                0x08000a12       0x18 CMakeFiles/STM32F4xxHalFWLib.elf.dir/Drivers/STM32F4xx_HAL_Driver/Src/stm32f4xx_hal_cortex.c.obj
                0x08000a12                HAL_SYSTICK_Config
 *fill*         0x08000a2a        0x2 
 .text.HAL_GPIO_Init
                0x08000a2c      0x354 CMakeFiles/STM32F4xxHalFWLib.elf.dir/Drivers/STM32F4xx_HAL_Driver/Src/stm32f4xx_hal_gpio.c.obj
                0x08000a2c                HAL_GPIO_Init
 .text.HAL_GPIO_WritePin
                0x08000d80       0x30 CMakeFiles/STM32F4xxHalFWLib.elf.dir/Drivers/STM32F4xx_HAL_Driver/Src/stm32f4xx_hal_gpio.c.obj
                0x08000d80                HAL_GPIO_WritePin
 .text.HAL_PWREx_EnableOverDrive
                0x08000db0       0xa0 CMakeFiles/STM32F4xxHalFWLib.elf.dir/Drivers/STM32F4xx_HAL_Driver/Src/stm32f4xx_hal_pwr_ex.c.obj
                0x08000db0                HAL_PWREx_EnableOverDrive
 .text.HAL_RCC_OscConfig
                0x08000e50      0x4dc CMakeFiles/STM32F4xxHalFWLib.elf.dir/Drivers/STM32F4xx_HAL_Driver/Src/stm32f4xx_hal_rcc.c.obj
                0x08000e50                HAL_RCC_OscConfig
 .text.HAL_RCC_ClockConfig
                0x0800132c      0x1cc CMakeFiles/STM32F4xxHalFWLib.elf.dir/Drivers/STM32F4xx_HAL_Driver/Src/stm32f4xx_hal_rcc.c.obj
                0x0800132c                HAL_RCC_ClockConfig
 .text.HAL_RCC_GetSysClockFreq
                0x080014f8      0x18c CMakeFiles/STM32F4xxHalFWLib.elf.dir/Drivers/STM32F4xx_HAL_Driver/Src/stm32f4xx_hal_rcc.c.obj
                0x080014f8                HAL_RCC_GetSysClockFreq
 .text.__libc_init_array
                0x08001684       0x48 c:/progra~2/gnuarm~1/102021~1.10/bin/../lib/gcc/arm-none-eabi/10.3.1/../../../../arm-none-eabi/lib/thumb/v7e-m/nofp\libg.a(lib_a-init.o)
                0x08001684                __libc_init_array
 .text.memset   0x080016cc       0xa4 c:/progra~2/gnuarm~1/102021~1.10/bin/../lib/gcc/arm-none-eabi/10.3.1/../../../../arm-none-eabi/lib/thumb/v7e-m/nofp\libg.a(lib_a-memset.o)
                0x080016cc                memset
 .text.startup.register_fini
                0x08001770       0x14 c:/progra~2/gnuarm~1/102021~1.10/bin/../lib/gcc/arm-none-eabi/10.3.1/../../../../arm-none-eabi/lib/thumb/v7e-m/nofp\libg.a(lib_a-__call_atexit.o)
 .text.atexit   0x08001784        0xc c:/progra~2/gnuarm~1/102021~1.10/bin/../lib/gcc/arm-none-eabi/10.3.1/../../../../arm-none-eabi/lib/thumb/v7e-m/nofp\libg.a(lib_a-atexit.o)
                0x08001784                atexit
 .text.__libc_fini_array
                0x08001790       0x2c c:/progra~2/gnuarm~1/102021~1.10/bin/../lib/gcc/arm-none-eabi/10.3.1/../../../../arm-none-eabi/lib/thumb/v7e-m/nofp\libg.a(lib_a-fini.o)
                0x08001790                __libc_fini_array
 .text.__retarget_lock_acquire_recursive
                0x080017bc        0x4 c:/progra~2/gnuarm~1/102021~1.10/bin/../lib/gcc/arm-none-eabi/10.3.1/../../../../arm-none-eabi/lib/thumb/v7e-m/nofp\libg.a(lib_a-lock.o)
                0x080017bc                __retarget_lock_acquire_recursive
 .text.__retarget_lock_release_recursive
                0x080017c0        0x4 c:/progra~2/gnuarm~1/102021~1.10/bin/../lib/gcc/arm-none-eabi/10.3.1/../../../../arm-none-eabi/lib/thumb/v7e-m/nofp\libg.a(lib_a-lock.o)
                0x080017c0                __retarget_lock_release_recursive
 .text.__register_exitproc
                0x080017c4       0x8c c:/progra~2/gnuarm~1/102021~1.10/bin/../lib/gcc/arm-none-eabi/10.3.1/../../../../arm-none-eabi/lib/thumb/v7e-m/nofp\libg.a(lib_a-__atexit.o)
                0x080017c4                __register_exitproc
 *(.glue_7)
 .glue_7        0x08001850        0x0 linker stubs
 *(.glue_7t)
 .glue_7t       0x08001850        0x0 linker stubs
 *(.eh_frame)
 .eh_frame      0x08001850        0x0 c:/progra~2/gnuarm~1/102021~1.10/bin/../lib/gcc/arm-none-eabi/10.3.1/thumb/v7e-m/nofp/crtbegin.o
 *(.init)
 .init          0x08001850        0x4 c:/progra~2/gnuarm~1/102021~1.10/bin/../lib/gcc/arm-none-eabi/10.3.1/thumb/v7e-m/nofp/crti.o
                0x08001850                _init
 .init          0x08001854        0x8 c:/progra~2/gnuarm~1/102021~1.10/bin/../lib/gcc/arm-none-eabi/10.3.1/thumb/v7e-m/nofp/crtn.o
 *(.fini)
 .fini          0x0800185c        0x4 c:/progra~2/gnuarm~1/102021~1.10/bin/../lib/gcc/arm-none-eabi/10.3.1/thumb/v7e-m/nofp/crti.o
                0x0800185c                _fini
 .fini          0x08001860        0x8 c:/progra~2/gnuarm~1/102021~1.10/bin/../lib/gcc/arm-none-eabi/10.3.1/thumb/v7e-m/nofp/crtn.o
                0x08001868                . = ALIGN (0x4)
                0x08001868                _etext = .

.vfp11_veneer   0x08001868        0x0
 .vfp11_veneer  0x08001868        0x0 linker stubs

.v4_bx          0x08001868        0x0
 .v4_bx         0x08001868        0x0 linker stubs

.iplt           0x08001868        0x0
 .iplt          0x08001868        0x0 c:/progra~2/gnuarm~1/102021~1.10/bin/../lib/gcc/arm-none-eabi/10.3.1/thumb/v7e-m/nofp/crtbegin.o

.rodata         0x08001868       0x14
                0x08001868                . = ALIGN (0x4)
 *(.rodata)
 *(.rodata*)
 .rodata.AHBPrescTable
                0x08001868       0x10 CMakeFiles/STM32F4xxHalFWLib.elf.dir/Core/Src/system_stm32f4xx.c.obj
                0x08001868                AHBPrescTable
 .rodata._global_impure_ptr
                0x08001878        0x4 c:/progra~2/gnuarm~1/102021~1.10/bin/../lib/gcc/arm-none-eabi/10.3.1/../../../../arm-none-eabi/lib/thumb/v7e-m/nofp\libg.a(lib_a-impure.o)
                0x08001878                _global_impure_ptr
                0x0800187c                . = ALIGN (0x4)

.ARM.extab      0x0800187c        0x0
                0x0800187c                . = ALIGN (0x4)
 *(.ARM.extab* .gnu.linkonce.armextab.*)
                0x0800187c                . = ALIGN (0x4)

.ARM            0x0800187c        0x8
                0x0800187c                . = ALIGN (0x4)
                0x0800187c                __exidx_start = .
 *(.ARM.exidx*)
 .ARM.exidx     0x0800187c        0x8 c:/progra~2/gnuarm~1/102021~1.10/bin/../lib/gcc/arm-none-eabi/10.3.1/thumb/v7e-m/nofp\libgcc.a(_udivmoddi4.o)
                0x08001884                __exidx_end = .
                0x08001884                . = ALIGN (0x4)

.rel.dyn        0x08001884        0x0
 .rel.iplt      0x08001884        0x0 c:/progra~2/gnuarm~1/102021~1.10/bin/../lib/gcc/arm-none-eabi/10.3.1/thumb/v7e-m/nofp/crtbegin.o

.preinit_array  0x08001884        0x0
                0x08001884                . = ALIGN (0x4)
                0x08001884                PROVIDE (__preinit_array_start = .)
 *(.preinit_array*)
                0x08001884                PROVIDE (__preinit_array_end = .)
                0x08001884                . = ALIGN (0x4)

.init_array     0x08001884        0x8
                0x08001884                . = ALIGN (0x4)
                0x08001884                PROVIDE (__init_array_start = .)
 *(SORT_BY_NAME(.init_array.*))
 .init_array.00000
                0x08001884        0x4 c:/progra~2/gnuarm~1/102021~1.10/bin/../lib/gcc/arm-none-eabi/10.3.1/../../../../arm-none-eabi/lib/thumb/v7e-m/nofp\libg.a(lib_a-__call_atexit.o)
 *(.init_array*)
 .init_array    0x08001888        0x4 c:/progra~2/gnuarm~1/102021~1.10/bin/../lib/gcc/arm-none-eabi/10.3.1/thumb/v7e-m/nofp/crtbegin.o
                0x0800188c                PROVIDE (__init_array_end = .)
                0x0800188c                . = ALIGN (0x4)

.fini_array     0x0800188c        0x4
                0x0800188c                . = ALIGN (0x4)
                0x0800188c                PROVIDE (__fini_array_start = .)
 *(SORT_BY_NAME(.fini_array.*))
 *(.fini_array*)
 .fini_array    0x0800188c        0x4 c:/progra~2/gnuarm~1/102021~1.10/bin/../lib/gcc/arm-none-eabi/10.3.1/thumb/v7e-m/nofp/crtbegin.o
                0x08001890                PROVIDE (__fini_array_end = .)
                0x08001890                . = ALIGN (0x4)
                0x08001890                _sidata = LOADADDR (.data)

.data           0x20000000      0x43c load address 0x08001890
                0x20000000                . = ALIGN (0x4)
                0x20000000                _sdata = .
 *(.data)
 *(.data*)
 .data.SystemCoreClock
                0x20000000        0x4 CMakeFiles/STM32F4xxHalFWLib.elf.dir/Core/Src/system_stm32f4xx.c.obj
                0x20000000                SystemCoreClock
 .data.uwTickPrio
                0x20000004        0x4 CMakeFiles/STM32F4xxHalFWLib.elf.dir/Drivers/STM32F4xx_HAL_Driver/Src/stm32f4xx_hal.c.obj
                0x20000004                uwTickPrio
 .data.uwTickFreq
                0x20000008        0x1 CMakeFiles/STM32F4xxHalFWLib.elf.dir/Drivers/STM32F4xx_HAL_Driver/Src/stm32f4xx_hal.c.obj
                0x20000008                uwTickFreq
 *fill*         0x20000009        0x7 
 .data.impure_data
                0x20000010      0x428 c:/progra~2/gnuarm~1/102021~1.10/bin/../lib/gcc/arm-none-eabi/10.3.1/../../../../arm-none-eabi/lib/thumb/v7e-m/nofp\libg.a(lib_a-impure.o)
 .data.__atexit_recursive_mutex
                0x20000438        0x4 c:/progra~2/gnuarm~1/102021~1.10/bin/../lib/gcc/arm-none-eabi/10.3.1/../../../../arm-none-eabi/lib/thumb/v7e-m/nofp\libg.a(lib_a-__call_atexit.o)
                0x20000438                __atexit_recursive_mutex
                0x2000043c                . = ALIGN (0x4)
                0x2000043c                _edata = .

.igot.plt       0x2000043c        0x0 load address 0x08001ccc
 .igot.plt      0x2000043c        0x0 c:/progra~2/gnuarm~1/102021~1.10/bin/../lib/gcc/arm-none-eabi/10.3.1/thumb/v7e-m/nofp/crtbegin.o
                0x2000043c                . = ALIGN (0x4)

.bss            0x2000043c       0x24 load address 0x08001ccc
                0x2000043c                _sbss = .
                0x2000043c                __bss_start__ = _sbss
 *(.bss)
 .bss           0x2000043c       0x1c c:/progra~2/gnuarm~1/102021~1.10/bin/../lib/gcc/arm-none-eabi/10.3.1/thumb/v7e-m/nofp/crtbegin.o
 *(.bss*)
 .bss.uwTick    0x20000458        0x4 CMakeFiles/STM32F4xxHalFWLib.elf.dir/Drivers/STM32F4xx_HAL_Driver/Src/stm32f4xx_hal.c.obj
                0x20000458                uwTick
 .bss.__lock___atexit_recursive_mutex
                0x2000045c        0x1 c:/progra~2/gnuarm~1/102021~1.10/bin/../lib/gcc/arm-none-eabi/10.3.1/../../../../arm-none-eabi/lib/thumb/v7e-m/nofp\libg.a(lib_a-lock.o)
                0x2000045c                __lock___atexit_recursive_mutex
 *(COMMON)
                0x20000460                . = ALIGN (0x4)
 *fill*         0x2000045d        0x3 
                0x20000460                _ebss = .
                0x20000460                __bss_end__ = _ebss

._user_heap_stack
                0x20000460      0x600 load address 0x08001ccc
                0x20000460                . = ALIGN (0x8)
                [!provide]                PROVIDE (end = .)
                0x20000460                PROVIDE (_end = .)
                0x20000660                . = (. + _Min_Heap_Size)
 *fill*         0x20000460      0x200 
                0x20000a60                . = (. + _Min_Stack_Size)
 *fill*         0x20000660      0x400 
                0x20000a60                . = ALIGN (0x8)

/DISCARD/
 libc.a(*)
 libm.a(*)
 libgcc.a(*)

.ARM.attributes
                0x00000000       0x2a
 *(.ARM.attributes)
 .ARM.attributes
                0x00000000       0x1e c:/progra~2/gnuarm~1/102021~1.10/bin/../lib/gcc/arm-none-eabi/10.3.1/thumb/v7e-m/nofp/crti.o
 .ARM.attributes
                0x0000001e       0x2e c:/progra~2/gnuarm~1/102021~1.10/bin/../lib/gcc/arm-none-eabi/10.3.1/thumb/v7e-m/nofp/crtbegin.o
 .ARM.attributes
                0x0000004c       0x2e CMakeFiles/STM32F4xxHalFWLib.elf.dir/Core/Src/main.c.obj
 .ARM.attributes
                0x0000007a       0x2e CMakeFiles/STM32F4xxHalFWLib.elf.dir/Core/Src/stm32f4xx_hal_msp.c.obj
 .ARM.attributes
                0x000000a8       0x2e CMakeFiles/STM32F4xxHalFWLib.elf.dir/Core/Src/stm32f4xx_it.c.obj
 .ARM.attributes
                0x000000d6       0x2e CMakeFiles/STM32F4xxHalFWLib.elf.dir/Core/Src/system_stm32f4xx.c.obj
 .ARM.attributes
                0x00000104       0x21 CMakeFiles/STM32F4xxHalFWLib.elf.dir/Core/Startup/startup_stm32f429igtx.s.obj
 .ARM.attributes
                0x00000125       0x2e CMakeFiles/STM32F4xxHalFWLib.elf.dir/Drivers/STM32F4xx_HAL_Driver/Src/stm32f4xx_hal.c.obj
 .ARM.attributes
                0x00000153       0x2e CMakeFiles/STM32F4xxHalFWLib.elf.dir/Drivers/STM32F4xx_HAL_Driver/Src/stm32f4xx_hal_cortex.c.obj
 .ARM.attributes
                0x00000181       0x2e CMakeFiles/STM32F4xxHalFWLib.elf.dir/Drivers/STM32F4xx_HAL_Driver/Src/stm32f4xx_hal_gpio.c.obj
 .ARM.attributes
                0x000001af       0x2e CMakeFiles/STM32F4xxHalFWLib.elf.dir/Drivers/STM32F4xx_HAL_Driver/Src/stm32f4xx_hal_pwr_ex.c.obj
 .ARM.attributes
                0x000001dd       0x2e CMakeFiles/STM32F4xxHalFWLib.elf.dir/Drivers/STM32F4xx_HAL_Driver/Src/stm32f4xx_hal_rcc.c.obj
 .ARM.attributes
                0x0000020b       0x1e c:/progra~2/gnuarm~1/102021~1.10/bin/../lib/gcc/arm-none-eabi/10.3.1/thumb/v7e-m/nofp\libgcc.a(_aeabi_uldivmod.o)
 .ARM.attributes
                0x00000229       0x2e c:/progra~2/gnuarm~1/102021~1.10/bin/../lib/gcc/arm-none-eabi/10.3.1/thumb/v7e-m/nofp\libgcc.a(_udivmoddi4.o)
 .ARM.attributes
                0x00000257       0x1e c:/progra~2/gnuarm~1/102021~1.10/bin/../lib/gcc/arm-none-eabi/10.3.1/thumb/v7e-m/nofp\libgcc.a(_dvmd_tls.o)
 .ARM.attributes
                0x00000275       0x2e c:/progra~2/gnuarm~1/102021~1.10/bin/../lib/gcc/arm-none-eabi/10.3.1/../../../../arm-none-eabi/lib/thumb/v7e-m/nofp\libg.a(lib_a-impure.o)
 .ARM.attributes
                0x000002a3       0x2e c:/progra~2/gnuarm~1/102021~1.10/bin/../lib/gcc/arm-none-eabi/10.3.1/../../../../arm-none-eabi/lib/thumb/v7e-m/nofp\libg.a(lib_a-init.o)
 .ARM.attributes
                0x000002d1       0x2e c:/progra~2/gnuarm~1/102021~1.10/bin/../lib/gcc/arm-none-eabi/10.3.1/../../../../arm-none-eabi/lib/thumb/v7e-m/nofp\libg.a(lib_a-memset.o)
 .ARM.attributes
                0x000002ff       0x2e c:/progra~2/gnuarm~1/102021~1.10/bin/../lib/gcc/arm-none-eabi/10.3.1/../../../../arm-none-eabi/lib/thumb/v7e-m/nofp\libg.a(lib_a-__call_atexit.o)
 .ARM.attributes
                0x0000032d       0x2e c:/progra~2/gnuarm~1/102021~1.10/bin/../lib/gcc/arm-none-eabi/10.3.1/../../../../arm-none-eabi/lib/thumb/v7e-m/nofp\libg.a(lib_a-atexit.o)
 .ARM.attributes
                0x0000035b       0x2e c:/progra~2/gnuarm~1/102021~1.10/bin/../lib/gcc/arm-none-eabi/10.3.1/../../../../arm-none-eabi/lib/thumb/v7e-m/nofp\libg.a(lib_a-fini.o)
 .ARM.attributes
                0x00000389       0x2e c:/progra~2/gnuarm~1/102021~1.10/bin/../lib/gcc/arm-none-eabi/10.3.1/../../../../arm-none-eabi/lib/thumb/v7e-m/nofp\libg.a(lib_a-lock.o)
 .ARM.attributes
                0x000003b7       0x2e c:/progra~2/gnuarm~1/102021~1.10/bin/../lib/gcc/arm-none-eabi/10.3.1/../../../../arm-none-eabi/lib/thumb/v7e-m/nofp\libg.a(lib_a-__atexit.o)
 .ARM.attributes
                0x000003e5       0x1e c:/progra~2/gnuarm~1/102021~1.10/bin/../lib/gcc/arm-none-eabi/10.3.1/thumb/v7e-m/nofp/crtn.o
OUTPUT(STM32F4xxHalFWLib.elf elf32-littlearm)
LOAD linker stubs
LOAD c:/progra~2/gnuarm~1/102021~1.10/bin/../lib/gcc/arm-none-eabi/10.3.1/../../../../arm-none-eabi/lib/thumb/v7e-m/nofp\libc.a
LOAD c:/progra~2/gnuarm~1/102021~1.10/bin/../lib/gcc/arm-none-eabi/10.3.1/../../../../arm-none-eabi/lib/thumb/v7e-m/nofp\libm.a
LOAD c:/progra~2/gnuarm~1/102021~1.10/bin/../lib/gcc/arm-none-eabi/10.3.1/thumb/v7e-m/nofp\libgcc.a

.debug_info     0x00000000     0x3e9a
 .debug_info    0x00000000      0x635 CMakeFiles/STM32F4xxHalFWLib.elf.dir/Core/Src/main.c.obj
 .debug_info    0x00000635      0x2b9 CMakeFiles/STM32F4xxHalFWLib.elf.dir/Core/Src/stm32f4xx_hal_msp.c.obj
 .debug_info    0x000008ee      0x10e CMakeFiles/STM32F4xxHalFWLib.elf.dir/Core/Src/stm32f4xx_it.c.obj
 .debug_info    0x000009fc      0x534 CMakeFiles/STM32F4xxHalFWLib.elf.dir/Core/Src/system_stm32f4xx.c.obj
 .debug_info    0x00000f30       0x22 CMakeFiles/STM32F4xxHalFWLib.elf.dir/Core/Startup/startup_stm32f429igtx.s.obj
 .debug_info    0x00000f52      0x996 CMakeFiles/STM32F4xxHalFWLib.elf.dir/Drivers/STM32F4xx_HAL_Driver/Src/stm32f4xx_hal.c.obj
 .debug_info    0x000018e8      0xe46 CMakeFiles/STM32F4xxHalFWLib.elf.dir/Drivers/STM32F4xx_HAL_Driver/Src/stm32f4xx_hal_cortex.c.obj
 .debug_info    0x0000272e      0x76b CMakeFiles/STM32F4xxHalFWLib.elf.dir/Drivers/STM32F4xx_HAL_Driver/Src/stm32f4xx_hal_gpio.c.obj
 .debug_info    0x00002e99      0x6cf CMakeFiles/STM32F4xxHalFWLib.elf.dir/Drivers/STM32F4xx_HAL_Driver/Src/stm32f4xx_hal_pwr_ex.c.obj
 .debug_info    0x00003568      0x932 CMakeFiles/STM32F4xxHalFWLib.elf.dir/Drivers/STM32F4xx_HAL_Driver/Src/stm32f4xx_hal_rcc.c.obj

.debug_abbrev   0x00000000      0xe7f
 .debug_abbrev  0x00000000      0x170 CMakeFiles/STM32F4xxHalFWLib.elf.dir/Core/Src/main.c.obj
 .debug_abbrev  0x00000170       0xd1 CMakeFiles/STM32F4xxHalFWLib.elf.dir/Core/Src/stm32f4xx_hal_msp.c.obj
 .debug_abbrev  0x00000241       0x5e CMakeFiles/STM32F4xxHalFWLib.elf.dir/Core/Src/stm32f4xx_it.c.obj
 .debug_abbrev  0x0000029f      0x113 CMakeFiles/STM32F4xxHalFWLib.elf.dir/Core/Src/system_stm32f4xx.c.obj
 .debug_abbrev  0x000003b2       0x12 CMakeFiles/STM32F4xxHalFWLib.elf.dir/Core/Startup/startup_stm32f429igtx.s.obj
 .debug_abbrev  0x000003c4      0x1d7 CMakeFiles/STM32F4xxHalFWLib.elf.dir/Drivers/STM32F4xx_HAL_Driver/Src/stm32f4xx_hal.c.obj
 .debug_abbrev  0x0000059b      0x313 CMakeFiles/STM32F4xxHalFWLib.elf.dir/Drivers/STM32F4xx_HAL_Driver/Src/stm32f4xx_hal_cortex.c.obj
 .debug_abbrev  0x000008ae      0x1c1 CMakeFiles/STM32F4xxHalFWLib.elf.dir/Drivers/STM32F4xx_HAL_Driver/Src/stm32f4xx_hal_gpio.c.obj
 .debug_abbrev  0x00000a6f      0x1b1 CMakeFiles/STM32F4xxHalFWLib.elf.dir/Drivers/STM32F4xx_HAL_Driver/Src/stm32f4xx_hal_pwr_ex.c.obj
 .debug_abbrev  0x00000c20      0x25f CMakeFiles/STM32F4xxHalFWLib.elf.dir/Drivers/STM32F4xx_HAL_Driver/Src/stm32f4xx_hal_rcc.c.obj

.debug_aranges  0x00000000      0x460
 .debug_aranges
                0x00000000       0x38 CMakeFiles/STM32F4xxHalFWLib.elf.dir/Core/Src/main.c.obj
 .debug_aranges
                0x00000038       0x20 CMakeFiles/STM32F4xxHalFWLib.elf.dir/Core/Src/stm32f4xx_hal_msp.c.obj
 .debug_aranges
                0x00000058       0x60 CMakeFiles/STM32F4xxHalFWLib.elf.dir/Core/Src/stm32f4xx_it.c.obj
 .debug_aranges
                0x000000b8       0x28 CMakeFiles/STM32F4xxHalFWLib.elf.dir/Core/Src/system_stm32f4xx.c.obj
 .debug_aranges
                0x000000e0       0x28 CMakeFiles/STM32F4xxHalFWLib.elf.dir/Core/Startup/startup_stm32f429igtx.s.obj
 .debug_aranges
                0x00000108      0x100 CMakeFiles/STM32F4xxHalFWLib.elf.dir/Drivers/STM32F4xx_HAL_Driver/Src/stm32f4xx_hal.c.obj
 .debug_aranges
                0x00000208      0x118 CMakeFiles/STM32F4xxHalFWLib.elf.dir/Drivers/STM32F4xx_HAL_Driver/Src/stm32f4xx_hal_cortex.c.obj
 .debug_aranges
                0x00000320       0x58 CMakeFiles/STM32F4xxHalFWLib.elf.dir/Drivers/STM32F4xx_HAL_Driver/Src/stm32f4xx_hal_gpio.c.obj
 .debug_aranges
                0x00000378       0x60 CMakeFiles/STM32F4xxHalFWLib.elf.dir/Drivers/STM32F4xx_HAL_Driver/Src/stm32f4xx_hal_pwr_ex.c.obj
 .debug_aranges
                0x000003d8       0x88 CMakeFiles/STM32F4xxHalFWLib.elf.dir/Drivers/STM32F4xx_HAL_Driver/Src/stm32f4xx_hal_rcc.c.obj

.debug_ranges   0x00000000      0x3c8
 .debug_ranges  0x00000000       0x28 CMakeFiles/STM32F4xxHalFWLib.elf.dir/Core/Src/main.c.obj
 .debug_ranges  0x00000028       0x10 CMakeFiles/STM32F4xxHalFWLib.elf.dir/Core/Src/stm32f4xx_hal_msp.c.obj
 .debug_ranges  0x00000038       0x50 CMakeFiles/STM32F4xxHalFWLib.elf.dir/Core/Src/stm32f4xx_it.c.obj
 .debug_ranges  0x00000088       0x18 CMakeFiles/STM32F4xxHalFWLib.elf.dir/Core/Src/system_stm32f4xx.c.obj
 .debug_ranges  0x000000a0       0x20 CMakeFiles/STM32F4xxHalFWLib.elf.dir/Core/Startup/startup_stm32f429igtx.s.obj
 .debug_ranges  0x000000c0       0xf0 CMakeFiles/STM32F4xxHalFWLib.elf.dir/Drivers/STM32F4xx_HAL_Driver/Src/stm32f4xx_hal.c.obj
 .debug_ranges  0x000001b0      0x108 CMakeFiles/STM32F4xxHalFWLib.elf.dir/Drivers/STM32F4xx_HAL_Driver/Src/stm32f4xx_hal_cortex.c.obj
 .debug_ranges  0x000002b8       0x48 CMakeFiles/STM32F4xxHalFWLib.elf.dir/Drivers/STM32F4xx_HAL_Driver/Src/stm32f4xx_hal_gpio.c.obj
 .debug_ranges  0x00000300       0x50 CMakeFiles/STM32F4xxHalFWLib.elf.dir/Drivers/STM32F4xx_HAL_Driver/Src/stm32f4xx_hal_pwr_ex.c.obj
 .debug_ranges  0x00000350       0x78 CMakeFiles/STM32F4xxHalFWLib.elf.dir/Drivers/STM32F4xx_HAL_Driver/Src/stm32f4xx_hal_rcc.c.obj

.debug_line     0x00000000     0x2b63
 .debug_line    0x00000000      0x2e4 CMakeFiles/STM32F4xxHalFWLib.elf.dir/Core/Src/main.c.obj
 .debug_line    0x000002e4      0x19e CMakeFiles/STM32F4xxHalFWLib.elf.dir/Core/Src/stm32f4xx_hal_msp.c.obj
 .debug_line    0x00000482      0x139 CMakeFiles/STM32F4xxHalFWLib.elf.dir/Core/Src/stm32f4xx_it.c.obj
 .debug_line    0x000005bb      0x29f CMakeFiles/STM32F4xxHalFWLib.elf.dir/Core/Src/system_stm32f4xx.c.obj
 .debug_line    0x0000085a       0xbb CMakeFiles/STM32F4xxHalFWLib.elf.dir/Core/Startup/startup_stm32f429igtx.s.obj
 .debug_line    0x00000915      0x5cb CMakeFiles/STM32F4xxHalFWLib.elf.dir/Drivers/STM32F4xx_HAL_Driver/Src/stm32f4xx_hal.c.obj
 .debug_line    0x00000ee0      0x82d CMakeFiles/STM32F4xxHalFWLib.elf.dir/Drivers/STM32F4xx_HAL_Driver/Src/stm32f4xx_hal_cortex.c.obj
 .debug_line    0x0000170d      0x6d7 CMakeFiles/STM32F4xxHalFWLib.elf.dir/Drivers/STM32F4xx_HAL_Driver/Src/stm32f4xx_hal_gpio.c.obj
 .debug_line    0x00001de4      0x49b CMakeFiles/STM32F4xxHalFWLib.elf.dir/Drivers/STM32F4xx_HAL_Driver/Src/stm32f4xx_hal_pwr_ex.c.obj
 .debug_line    0x0000227f      0x8e4 CMakeFiles/STM32F4xxHalFWLib.elf.dir/Drivers/STM32F4xx_HAL_Driver/Src/stm32f4xx_hal_rcc.c.obj

.debug_str      0x00000000     0x1a8b
 .debug_str     0x00000000      0x4cd CMakeFiles/STM32F4xxHalFWLib.elf.dir/Core/Src/main.c.obj
                                0x525 (size before relaxing)
 .debug_str     0x000004cd       0x62 CMakeFiles/STM32F4xxHalFWLib.elf.dir/Core/Src/stm32f4xx_hal_msp.c.obj
                                0x31c (size before relaxing)
 .debug_str     0x0000052f       0xe1 CMakeFiles/STM32F4xxHalFWLib.elf.dir/Core/Src/stm32f4xx_it.c.obj
                                0x271 (size before relaxing)
 .debug_str     0x00000610      0x111 CMakeFiles/STM32F4xxHalFWLib.elf.dir/Core/Src/system_stm32f4xx.c.obj
                                0x3d6 (size before relaxing)
 .debug_str     0x00000721       0x6c CMakeFiles/STM32F4xxHalFWLib.elf.dir/Core/Startup/startup_stm32f429igtx.s.obj
                                 0xb7 (size before relaxing)
 .debug_str     0x0000078d      0x909 CMakeFiles/STM32F4xxHalFWLib.elf.dir/Drivers/STM32F4xx_HAL_Driver/Src/stm32f4xx_hal.c.obj
                                0xc15 (size before relaxing)
 .debug_str     0x00001096      0x4ea CMakeFiles/STM32F4xxHalFWLib.elf.dir/Drivers/STM32F4xx_HAL_Driver/Src/stm32f4xx_hal_cortex.c.obj
                                0xcde (size before relaxing)
 .debug_str     0x00001580      0x18e CMakeFiles/STM32F4xxHalFWLib.elf.dir/Drivers/STM32F4xx_HAL_Driver/Src/stm32f4xx_hal_gpio.c.obj
                                0x541 (size before relaxing)
 .debug_str     0x0000170e      0x18e CMakeFiles/STM32F4xxHalFWLib.elf.dir/Drivers/STM32F4xx_HAL_Driver/Src/stm32f4xx_hal_pwr_ex.c.obj
                                0x520 (size before relaxing)
 .debug_str     0x0000189c      0x1ef CMakeFiles/STM32F4xxHalFWLib.elf.dir/Drivers/STM32F4xx_HAL_Driver/Src/stm32f4xx_hal_rcc.c.obj
                                0x72f (size before relaxing)

.comment        0x00000000       0x49
 .comment       0x00000000       0x49 CMakeFiles/STM32F4xxHalFWLib.elf.dir/Core/Src/main.c.obj
                                 0x4a (size before relaxing)
 .comment       0x00000049       0x4a CMakeFiles/STM32F4xxHalFWLib.elf.dir/Core/Src/stm32f4xx_hal_msp.c.obj
 .comment       0x00000049       0x4a CMakeFiles/STM32F4xxHalFWLib.elf.dir/Core/Src/stm32f4xx_it.c.obj
 .comment       0x00000049       0x4a CMakeFiles/STM32F4xxHalFWLib.elf.dir/Core/Src/system_stm32f4xx.c.obj
 .comment       0x00000049       0x4a CMakeFiles/STM32F4xxHalFWLib.elf.dir/Drivers/STM32F4xx_HAL_Driver/Src/stm32f4xx_hal.c.obj
 .comment       0x00000049       0x4a CMakeFiles/STM32F4xxHalFWLib.elf.dir/Drivers/STM32F4xx_HAL_Driver/Src/stm32f4xx_hal_cortex.c.obj
 .comment       0x00000049       0x4a CMakeFiles/STM32F4xxHalFWLib.elf.dir/Drivers/STM32F4xx_HAL_Driver/Src/stm32f4xx_hal_gpio.c.obj
 .comment       0x00000049       0x4a CMakeFiles/STM32F4xxHalFWLib.elf.dir/Drivers/STM32F4xx_HAL_Driver/Src/stm32f4xx_hal_pwr_ex.c.obj
 .comment       0x00000049       0x4a CMakeFiles/STM32F4xxHalFWLib.elf.dir/Drivers/STM32F4xx_HAL_Driver/Src/stm32f4xx_hal_rcc.c.obj

.debug_frame    0x00000000     0x1154
 .debug_frame   0x00000000       0x94 CMakeFiles/STM32F4xxHalFWLib.elf.dir/Core/Src/main.c.obj
 .debug_frame   0x00000094       0x38 CMakeFiles/STM32F4xxHalFWLib.elf.dir/Core/Src/stm32f4xx_hal_msp.c.obj
 .debug_frame   0x000000cc      0x10c CMakeFiles/STM32F4xxHalFWLib.elf.dir/Core/Src/stm32f4xx_it.c.obj
 .debug_frame   0x000001d8       0x58 CMakeFiles/STM32F4xxHalFWLib.elf.dir/Core/Src/system_stm32f4xx.c.obj
 .debug_frame   0x00000230      0x3b4 CMakeFiles/STM32F4xxHalFWLib.elf.dir/Drivers/STM32F4xx_HAL_Driver/Src/stm32f4xx_hal.c.obj
 .debug_frame   0x000005e4      0x498 CMakeFiles/STM32F4xxHalFWLib.elf.dir/Drivers/STM32F4xx_HAL_Driver/Src/stm32f4xx_hal_cortex.c.obj
 .debug_frame   0x00000a7c      0x14c CMakeFiles/STM32F4xxHalFWLib.elf.dir/Drivers/STM32F4xx_HAL_Driver/Src/stm32f4xx_hal_gpio.c.obj
 .debug_frame   0x00000bc8      0x14c CMakeFiles/STM32F4xxHalFWLib.elf.dir/Drivers/STM32F4xx_HAL_Driver/Src/stm32f4xx_hal_pwr_ex.c.obj
 .debug_frame   0x00000d14      0x1f4 CMakeFiles/STM32F4xxHalFWLib.elf.dir/Drivers/STM32F4xx_HAL_Driver/Src/stm32f4xx_hal_rcc.c.obj
 .debug_frame   0x00000f08       0x2c c:/progra~2/gnuarm~1/102021~1.10/bin/../lib/gcc/arm-none-eabi/10.3.1/thumb/v7e-m/nofp\libgcc.a(_aeabi_uldivmod.o)
 .debug_frame   0x00000f34       0x34 c:/progra~2/gnuarm~1/102021~1.10/bin/../lib/gcc/arm-none-eabi/10.3.1/thumb/v7e-m/nofp\libgcc.a(_udivmoddi4.o)
 .debug_frame   0x00000f68       0x2c c:/progra~2/gnuarm~1/102021~1.10/bin/../lib/gcc/arm-none-eabi/10.3.1/../../../../arm-none-eabi/lib/thumb/v7e-m/nofp\libg.a(lib_a-init.o)
 .debug_frame   0x00000f94       0x2c c:/progra~2/gnuarm~1/102021~1.10/bin/../lib/gcc/arm-none-eabi/10.3.1/../../../../arm-none-eabi/lib/thumb/v7e-m/nofp\libg.a(lib_a-memset.o)
 .debug_frame   0x00000fc0       0x5c c:/progra~2/gnuarm~1/102021~1.10/bin/../lib/gcc/arm-none-eabi/10.3.1/../../../../arm-none-eabi/lib/thumb/v7e-m/nofp\libg.a(lib_a-__call_atexit.o)
 .debug_frame   0x0000101c       0x20 c:/progra~2/gnuarm~1/102021~1.10/bin/../lib/gcc/arm-none-eabi/10.3.1/../../../../arm-none-eabi/lib/thumb/v7e-m/nofp\libg.a(lib_a-atexit.o)
 .debug_frame   0x0000103c       0x34 c:/progra~2/gnuarm~1/102021~1.10/bin/../lib/gcc/arm-none-eabi/10.3.1/../../../../arm-none-eabi/lib/thumb/v7e-m/nofp\libg.a(lib_a-fini.o)
 .debug_frame   0x00001070       0xb0 c:/progra~2/gnuarm~1/102021~1.10/bin/../lib/gcc/arm-none-eabi/10.3.1/../../../../arm-none-eabi/lib/thumb/v7e-m/nofp\libg.a(lib_a-lock.o)
 .debug_frame   0x00001120       0x34 c:/progra~2/gnuarm~1/102021~1.10/bin/../lib/gcc/arm-none-eabi/10.3.1/../../../../arm-none-eabi/lib/thumb/v7e-m/nofp\libg.a(lib_a-__atexit.o)
