Archive member included to satisfy reference by file (symbol)

c:/progra~2/gnuarm~1/102021~1.10/bin/../lib/gcc/arm-none-eabi/10.3.1/thumb/v7e-m/nofp\libgcc.a(_aeabi_uldivmod.o)
                              CMakeFiles/TEST.elf.dir/Drivers/STM32F4xx_HAL_Driver/Src/stm32f4xx_hal_rcc.c.obj (__aeabi_uldivmod)
c:/progra~2/gnuarm~1/102021~1.10/bin/../lib/gcc/arm-none-eabi/10.3.1/thumb/v7e-m/nofp\libgcc.a(_udivmoddi4.o)
                              c:/progra~2/gnuarm~1/102021~1.10/bin/../lib/gcc/arm-none-eabi/10.3.1/thumb/v7e-m/nofp\libgcc.a(_aeabi_uldivmod.o) (__udivmoddi4)
c:/progra~2/gnuarm~1/102021~1.10/bin/../lib/gcc/arm-none-eabi/10.3.1/thumb/v7e-m/nofp\libgcc.a(_dvmd_tls.o)
                              c:/progra~2/gnuarm~1/102021~1.10/bin/../lib/gcc/arm-none-eabi/10.3.1/thumb/v7e-m/nofp\libgcc.a(_aeabi_uldivmod.o) (__aeabi_ldiv0)
c:/progra~2/gnuarm~1/102021~1.10/bin/../lib/gcc/arm-none-eabi/10.3.1/../../../../arm-none-eabi/lib/thumb/v7e-m/nofp\libg.a(lib_a-errno.o)
                              CMakeFiles/TEST.elf.dir/Core/Src/syscalls.c.obj (__errno)
c:/progra~2/gnuarm~1/102021~1.10/bin/../lib/gcc/arm-none-eabi/10.3.1/../../../../arm-none-eabi/lib/thumb/v7e-m/nofp\libg.a(lib_a-exit.o)
                              c:/progra~2/gnuarm~1/102021~1.10/bin/../lib/gcc/arm-none-eabi/10.3.1/../../../../arm-none-eabi/lib/thumb/v7e-m/nofp/crt0.o (exit)
c:/progra~2/gnuarm~1/102021~1.10/bin/../lib/gcc/arm-none-eabi/10.3.1/../../../../arm-none-eabi/lib/thumb/v7e-m/nofp\libg.a(lib_a-impure.o)
                              c:/progra~2/gnuarm~1/102021~1.10/bin/../lib/gcc/arm-none-eabi/10.3.1/../../../../arm-none-eabi/lib/thumb/v7e-m/nofp\libg.a(lib_a-exit.o) (_global_impure_ptr)
c:/progra~2/gnuarm~1/102021~1.10/bin/../lib/gcc/arm-none-eabi/10.3.1/../../../../arm-none-eabi/lib/thumb/v7e-m/nofp\libg.a(lib_a-init.o)
                              c:/progra~2/gnuarm~1/102021~1.10/bin/../lib/gcc/arm-none-eabi/10.3.1/../../../../arm-none-eabi/lib/thumb/v7e-m/nofp/crt0.o (__libc_init_array)
c:/progra~2/gnuarm~1/102021~1.10/bin/../lib/gcc/arm-none-eabi/10.3.1/../../../../arm-none-eabi/lib/thumb/v7e-m/nofp\libg.a(lib_a-memset.o)
                              c:/progra~2/gnuarm~1/102021~1.10/bin/../lib/gcc/arm-none-eabi/10.3.1/../../../../arm-none-eabi/lib/thumb/v7e-m/nofp/crt0.o (memset)
c:/progra~2/gnuarm~1/102021~1.10/bin/../lib/gcc/arm-none-eabi/10.3.1/../../../../arm-none-eabi/lib/thumb/v7e-m/nofp\libg.a(lib_a-__call_atexit.o)
                              c:/progra~2/gnuarm~1/102021~1.10/bin/../lib/gcc/arm-none-eabi/10.3.1/../../../../arm-none-eabi/lib/thumb/v7e-m/nofp\libg.a(lib_a-exit.o) (__call_exitprocs)
c:/progra~2/gnuarm~1/102021~1.10/bin/../lib/gcc/arm-none-eabi/10.3.1/../../../../arm-none-eabi/lib/thumb/v7e-m/nofp\libg.a(lib_a-atexit.o)
                              c:/progra~2/gnuarm~1/102021~1.10/bin/../lib/gcc/arm-none-eabi/10.3.1/../../../../arm-none-eabi/lib/thumb/v7e-m/nofp\libg.a(lib_a-__call_atexit.o) (atexit)
c:/progra~2/gnuarm~1/102021~1.10/bin/../lib/gcc/arm-none-eabi/10.3.1/../../../../arm-none-eabi/lib/thumb/v7e-m/nofp\libg.a(lib_a-fini.o)
                              c:/progra~2/gnuarm~1/102021~1.10/bin/../lib/gcc/arm-none-eabi/10.3.1/../../../../arm-none-eabi/lib/thumb/v7e-m/nofp\libg.a(lib_a-__call_atexit.o) (__libc_fini_array)
c:/progra~2/gnuarm~1/102021~1.10/bin/../lib/gcc/arm-none-eabi/10.3.1/../../../../arm-none-eabi/lib/thumb/v7e-m/nofp\libg.a(lib_a-lock.o)
                              c:/progra~2/gnuarm~1/102021~1.10/bin/../lib/gcc/arm-none-eabi/10.3.1/../../../../arm-none-eabi/lib/thumb/v7e-m/nofp\libg.a(lib_a-__call_atexit.o) (__retarget_lock_acquire_recursive)
c:/progra~2/gnuarm~1/102021~1.10/bin/../lib/gcc/arm-none-eabi/10.3.1/../../../../arm-none-eabi/lib/thumb/v7e-m/nofp\libg.a(lib_a-__atexit.o)
                              c:/progra~2/gnuarm~1/102021~1.10/bin/../lib/gcc/arm-none-eabi/10.3.1/../../../../arm-none-eabi/lib/thumb/v7e-m/nofp\libg.a(lib_a-atexit.o) (__register_exitproc)

Discarded input sections

 .text          0x00000000        0x0 c:/progra~2/gnuarm~1/102021~1.10/bin/../lib/gcc/arm-none-eabi/10.3.1/thumb/v7e-m/nofp/crti.o
 .data          0x00000000        0x0 c:/progra~2/gnuarm~1/102021~1.10/bin/../lib/gcc/arm-none-eabi/10.3.1/thumb/v7e-m/nofp/crti.o
 .bss           0x00000000        0x0 c:/progra~2/gnuarm~1/102021~1.10/bin/../lib/gcc/arm-none-eabi/10.3.1/thumb/v7e-m/nofp/crti.o
 .data          0x00000000        0x4 c:/progra~2/gnuarm~1/102021~1.10/bin/../lib/gcc/arm-none-eabi/10.3.1/thumb/v7e-m/nofp/crtbegin.o
 .rodata        0x00000000       0x24 c:/progra~2/gnuarm~1/102021~1.10/bin/../lib/gcc/arm-none-eabi/10.3.1/thumb/v7e-m/nofp/crtbegin.o
 .text          0x00000000       0x7c c:/progra~2/gnuarm~1/102021~1.10/bin/../lib/gcc/arm-none-eabi/10.3.1/../../../../arm-none-eabi/lib/thumb/v7e-m/nofp/crt0.o
 .data          0x00000000        0x0 c:/progra~2/gnuarm~1/102021~1.10/bin/../lib/gcc/arm-none-eabi/10.3.1/../../../../arm-none-eabi/lib/thumb/v7e-m/nofp/crt0.o
[...]
Memory Configuration

Name             Origin             Length             Attributes
CCMRAM           0x10000000         0x00010000         xrw
RAM              0x20000000         0x00030000         xrw
FLASH            0x08000000         0x00100000         xr
*default*        0x00000000         0xffffffff

Linker script and memory map

LOAD c:/progra~2/gnuarm~1/102021~1.10/bin/../lib/gcc/arm-none-eabi/10.3.1/thumb/v7e-m/nofp/crti.o
LOAD c:/progra~2/gnuarm~1/102021~1.10/bin/../lib/gcc/arm-none-eabi/10.3.1/thumb/v7e-m/nofp/crtbegin.o
LOAD c:/progra~2/gnuarm~1/102021~1.10/bin/../lib/gcc/arm-none-eabi/10.3.1/../../../../arm-none-eabi/lib/thumb/v7e-m/nofp/crt0.o
LOAD CMakeFiles/TEST.elf.dir/Core/Src/main.c.obj
LOAD CMakeFiles/TEST.elf.dir/Core/Src/stm32f4xx_hal_msp.c.obj
LOAD CMakeFiles/TEST.elf.dir/Core/Src/stm32f4xx_it.c.obj
LOAD CMakeFiles/TEST.elf.dir/Core/Src/syscalls.c.obj
LOAD CMakeFiles/TEST.elf.dir/Core/Src/sysmem.c.obj
LOAD CMakeFiles/TEST.elf.dir/Core/Src/system_stm32f4xx.c.obj
LOAD CMakeFiles/TEST.elf.dir/Core/Startup/startup_stm32f429igtx.s.obj
LOAD CMakeFiles/TEST.elf.dir/Drivers/STM32F4xx_HAL_Driver/Src/stm32f4xx_hal.c.obj
LOAD CMakeFiles/TEST.elf.dir/Drivers/STM32F4xx_HAL_Driver/Src/stm32f4xx_hal_cortex.c.obj
LOAD CMakeFiles/TEST.elf.dir/Drivers/STM32F4xx_HAL_Driver/Src/stm32f4xx_hal_dma.c.obj
LOAD CMakeFiles/TEST.elf.dir/Drivers/STM32F4xx_HAL_Driver/Src/stm32f4xx_hal_dma_ex.c.obj
LOAD CMakeFiles/TEST.elf.dir/Drivers/STM32F4xx_HAL_Driver/Src/stm32f4xx_hal_exti.c.obj
LOAD CMakeFiles/TEST.elf.dir/Drivers/STM32F4xx_HAL_Driver/Src/stm32f4xx_hal_flash.c.obj
LOAD CMakeFiles/TEST.elf.dir/Drivers/STM32F4xx_HAL_Driver/Src/stm32f4xx_hal_flash_ex.c.obj
LOAD CMakeFiles/TEST.elf.dir/Drivers/STM32F4xx_HAL_Driver/Src/stm32f4xx_hal_flash_ramfunc.c.obj
LOAD CMakeFiles/TEST.elf.dir/Drivers/STM32F4xx_HAL_Driver/Src/stm32f4xx_hal_gpio.c.obj
LOAD CMakeFiles/TEST.elf.dir/Drivers/STM32F4xx_HAL_Driver/Src/stm32f4xx_hal_pwr.c.obj
LOAD CMakeFiles/TEST.elf.dir/Drivers/STM32F4xx_HAL_Driver/Src/stm32f4xx_hal_pwr_ex.c.obj
LOAD CMakeFiles/TEST.elf.dir/Drivers/STM32F4xx_HAL_Driver/Src/stm32f4xx_hal_rcc.c.obj
LOAD CMakeFiles/TEST.elf.dir/Drivers/STM32F4xx_HAL_Driver/Src/stm32f4xx_hal_rcc_ex.c.obj
LOAD CMakeFiles/TEST.elf.dir/Drivers/STM32F4xx_HAL_Driver/Src/stm32f4xx_hal_tim.c.obj
LOAD CMakeFiles/TEST.elf.dir/Drivers/STM32F4xx_HAL_Driver/Src/stm32f4xx_hal_tim_ex.c.obj
START GROUP
LOAD c:/progra~2/gnuarm~1/102021~1.10/bin/../lib/gcc/arm-none-eabi/10.3.1/thumb/v7e-m/nofp\libgcc.a
LOAD c:/progra~2/gnuarm~1/102021~1.10/bin/../lib/gcc/arm-none-eabi/10.3.1/../../../../arm-none-eabi/lib/thumb/v7e-m/nofp\libg.a
LOAD c:/progra~2/gnuarm~1/102021~1.10/bin/../lib/gcc/arm-none-eabi/10.3.1/../../../../arm-none-eabi/lib/thumb/v7e-m/nofp\libc.a
END GROUP
LOAD c:/progra~2/gnuarm~1/102021~1.10/bin/../lib/gcc/arm-none-eabi/10.3.1/thumb/v7e-m/nofp/crtend.o
LOAD c:/progra~2/gnuarm~1/102021~1.10/bin/../lib/gcc/arm-none-eabi/10.3.1/thumb/v7e-m/nofp/crtn.o
                0x20030000                _estack = (ORIGIN (RAM) + LENGTH (RAM))
                0x00000200                _Min_Heap_Size = 0x200
                0x00000400                _Min_Stack_Size = 0x400

.isr_vector     0x08000000      0x1ac
                0x08000000                . = ALIGN (0x4)
 *(.isr_vector)
 .isr_vector    0x08000000      0x1ac CMakeFiles/TEST.elf.dir/Core/Startup/startup_stm32f429igtx.s.obj
                0x08000000                g_pfnVectors
                0x080001ac                . = ALIGN (0x4)

.text           0x080001ac     0x17fc
                0x080001ac                . = ALIGN (0x4)
 *(.text)
 .text          0x080001ac       0x40 c:/progra~2/gnuarm~1/102021~1.10/bin/../lib/gcc/arm-none-eabi/10.3.1/thumb/v7e-m/nofp/crtbegin.o
 .text          0x080001ec       0x30 c:/progra~2/gnuarm~1/102021~1.10/bin/../lib/gcc/arm-none-eabi/10.3.1/thumb/v7e-m/nofp\libgcc.a(_aeabi_uldivmod.o)
                0x080001ec                __aeabi_uldivmod
 .text          0x0800021c      0x2d0 c:/progra~2/gnuarm~1/102021~1.10/bin/../lib/gcc/arm-none-eabi/10.3.1/thumb/v7e-m/nofp\libgcc.a(_udivmoddi4.o)
                0x0800021c                __udivmoddi4
 .text          0x080004ec        0x4 c:/progra~2/gnuarm~1/102021~1.10/bin/../lib/gcc/arm-none-eabi/10.3.1/thumb/v7e-m/nofp\libgcc.a(_dvmd_tls.o)
                0x080004ec                __aeabi_idiv0
                0x080004ec                __aeabi_ldiv0
 *(.text*)
 .text.main     0x080004f0       0x12 CMakeFiles/TEST.elf.dir/Core/Src/main.c.obj
                0x080004f0                main
 *fill*         0x08000502        0x2 
 .text.SystemClock_Config
                0x08000504       0xe4 CMakeFiles/TEST.elf.dir/Core/Src/main.c.obj
                0x08000504                SystemClock_Config
 .text.MX_GPIO_Init
                0x080005e8       0xd8 CMakeFiles/TEST.elf.dir/Core/Src/main.c.obj
 .text.Error_Handler
                0x080006c0        0xc CMakeFiles/TEST.elf.dir/Core/Src/main.c.obj
                0x080006c0                Error_Handler
 .text.HAL_MspInit
                0x080006cc       0x50 CMakeFiles/TEST.elf.dir/Core/Src/stm32f4xx_hal_msp.c.obj
                0x080006cc                HAL_MspInit
 .text.NMI_Handler
                0x0800071c        0xc CMakeFiles/TEST.elf.dir/Core/Src/stm32f4xx_it.c.obj
                0x0800071c                NMI_Handler
 .text.HardFault_Handler
                0x08000728        0x6 CMakeFiles/TEST.elf.dir/Core/Src/stm32f4xx_it.c.obj
                0x08000728                HardFault_Handler
 .text.MemManage_Handler
                0x0800072e        0x6 CMakeFiles/TEST.elf.dir/Core/Src/stm32f4xx_it.c.obj
                0x0800072e                MemManage_Handler
 .text.BusFault_Handler
                0x08000734        0x6 CMakeFiles/TEST.elf.dir/Core/Src/stm32f4xx_it.c.obj
                0x08000734                BusFault_Handler
 .text.UsageFault_Handler
                0x0800073a        0x6 CMakeFiles/TEST.elf.dir/Core/Src/stm32f4xx_it.c.obj
                0x0800073a                UsageFault_Handler
 .text.SVC_Handler
                0x08000740        0xc CMakeFiles/TEST.elf.dir/Core/Src/stm32f4xx_it.c.obj
                0x08000740                SVC_Handler
 .text.DebugMon_Handler
                0x0800074c        0xc CMakeFiles/TEST.elf.dir/Core/Src/stm32f4xx_it.c.obj
                0x0800074c                DebugMon_Handler
 .text.PendSV_Handler
                0x08000758        0xc CMakeFiles/TEST.elf.dir/Core/Src/stm32f4xx_it.c.obj
                0x08000758                PendSV_Handler
 .text.SysTick_Handler
                0x08000764        0xc CMakeFiles/TEST.elf.dir/Core/Src/stm32f4xx_it.c.obj
                0x08000764                SysTick_Handler
 .text.EXTI15_10_IRQHandler
                0x08000770       0x10 CMakeFiles/TEST.elf.dir/Core/Src/stm32f4xx_it.c.obj
                0x08000770                EXTI15_10_IRQHandler
 .text.SystemInit
                0x08000780       0x18 CMakeFiles/TEST.elf.dir/Core/Src/system_stm32f4xx.c.obj
                0x08000780                SystemInit
 .text.Reset_Handler
                0x08000798       0x50 CMakeFiles/TEST.elf.dir/Core/Startup/startup_stm32f429igtx.s.obj
                0x08000798                Reset_Handler
 .text.Default_Handler
                0x080007e8        0x2 CMakeFiles/TEST.elf.dir/Core/Startup/startup_stm32f429igtx.s.obj
                0x080007e8                RTC_Alarm_IRQHandler
                0x080007e8                HASH_RNG_IRQHandler
                0x080007e8                EXTI2_IRQHandler
                0x080007e8                TIM8_CC_IRQHandler
                0x080007e8                UART8_IRQHandler
                0x080007e8                SPI4_IRQHandler
                0x080007e8                TIM1_CC_IRQHandler
                0x080007e8                DMA2_Stream5_IRQHandler
                0x080007e8                DMA1_Stream5_IRQHandler
                0x080007e8                PVD_IRQHandler
                0x080007e8                SDIO_IRQHandler
                0x080007e8                TAMP_STAMP_IRQHandler
                0x080007e8                CAN2_RX1_IRQHandler
                0x080007e8                EXTI3_IRQHandler
                0x080007e8                TIM8_TRG_COM_TIM14_IRQHandler
                0x080007e8                TIM1_UP_TIM10_IRQHandler
                0x080007e8                TIM8_UP_TIM13_IRQHandler
                0x080007e8                I2C3_ER_IRQHandler
                0x080007e8                EXTI0_IRQHandler
                0x080007e8                I2C2_EV_IRQHandler
                0x080007e8                DMA1_Stream2_IRQHandler
                0x080007e8                CAN1_RX0_IRQHandler
                0x080007e8                FPU_IRQHandler
                0x080007e8                OTG_HS_WKUP_IRQHandler
                0x080007e8                LTDC_ER_IRQHandler
                0x080007e8                CAN2_SCE_IRQHandler
                0x080007e8                DMA2_Stream2_IRQHandler
                0x080007e8                SPI1_IRQHandler
                0x080007e8                TIM6_DAC_IRQHandler
                0x080007e8                TIM1_BRK_TIM9_IRQHandler
                0x080007e8                DCMI_IRQHandler
                0x080007e8                CAN2_RX0_IRQHandler
                0x080007e8                DMA2_Stream3_IRQHandler
                0x080007e8                USART6_IRQHandler
                0x080007e8                USART3_IRQHandler
                0x080007e8                CAN1_RX1_IRQHandler
                0x080007e8                UART5_IRQHandler
                0x080007e8                DMA2_Stream0_IRQHandler
                0x080007e8                TIM4_IRQHandler
                0x080007e8                I2C1_EV_IRQHandler
                0x080007e8                DMA1_Stream6_IRQHandler
                0x080007e8                DMA1_Stream1_IRQHandler
                0x080007e8                UART4_IRQHandler
                0x080007e8                TIM3_IRQHandler
                0x080007e8                RCC_IRQHandler
                0x080007e8                TIM8_BRK_TIM12_IRQHandler
                0x080007e8                Default_Handler
                0x080007e8                ADC_IRQHandler
                0x080007e8                DMA1_Stream7_IRQHandler
                0x080007e8                SPI5_IRQHandler
                0x080007e8                TIM7_IRQHandler
                0x080007e8                CAN2_TX_IRQHandler
                0x080007e8                TIM5_IRQHandler
                0x080007e8                DMA2_Stream7_IRQHandler
                0x080007e8                I2C3_EV_IRQHandler
                0x080007e8                EXTI9_5_IRQHandler
                0x080007e8                RTC_WKUP_IRQHandler
                0x080007e8                LTDC_IRQHandler
                0x080007e8                ETH_WKUP_IRQHandler
                0x080007e8                SPI2_IRQHandler
                0x080007e8                OTG_HS_EP1_IN_IRQHandler
                0x080007e8                DMA1_Stream0_IRQHandler
                0x080007e8                CAN1_TX_IRQHandler
                0x080007e8                EXTI4_IRQHandler
                0x080007e8                ETH_IRQHandler
                0x080007e8                OTG_HS_EP1_OUT_IRQHandler
                0x080007e8                WWDG_IRQHandler
                0x080007e8                SPI6_IRQHandler
                0x080007e8                TIM2_IRQHandler
                0x080007e8                OTG_FS_WKUP_IRQHandler
                0x080007e8                TIM1_TRG_COM_TIM11_IRQHandler
                0x080007e8                OTG_HS_IRQHandler
                0x080007e8                DMA2D_IRQHandler
                0x080007e8                EXTI1_IRQHandler
                0x080007e8                UART7_IRQHandler
                0x080007e8                USART2_IRQHandler
                0x080007e8                I2C2_ER_IRQHandler
                0x080007e8                DMA2_Stream1_IRQHandler
                0x080007e8                CAN1_SCE_IRQHandler
                0x080007e8                FLASH_IRQHandler
                0x080007e8                DMA2_Stream4_IRQHandler
                0x080007e8                USART1_IRQHandler
                0x080007e8                OTG_FS_IRQHandler
                0x080007e8                SPI3_IRQHandler
                0x080007e8                DMA1_Stream4_IRQHandler
                0x080007e8                I2C1_ER_IRQHandler
                0x080007e8                FMC_IRQHandler
                0x080007e8                DMA2_Stream6_IRQHandler
                0x080007e8                SAI1_IRQHandler
                0x080007e8                DMA1_Stream3_IRQHandler
 *fill*         0x080007ea        0x2 
 .text.HAL_Init
                0x080007ec       0x44 CMakeFiles/TEST.elf.dir/Drivers/STM32F4xx_HAL_Driver/Src/stm32f4xx_hal.c.obj
                0x080007ec                HAL_Init
 .text.HAL_InitTick
                0x08000830       0x60 CMakeFiles/TEST.elf.dir/Drivers/STM32F4xx_HAL_Driver/Src/stm32f4xx_hal.c.obj
                0x08000830                HAL_InitTick
 .text.HAL_IncTick
                0x08000890       0x24 CMakeFiles/TEST.elf.dir/Drivers/STM32F4xx_HAL_Driver/Src/stm32f4xx_hal.c.obj
                0x08000890                HAL_IncTick
 .text.HAL_GetTick
                0x080008b4       0x14 CMakeFiles/TEST.elf.dir/Drivers/STM32F4xx_HAL_Driver/Src/stm32f4xx_hal.c.obj
                0x080008b4                HAL_GetTick
 .text.__NVIC_SetPriorityGrouping
                0x080008c8       0x48 CMakeFiles/TEST.elf.dir/Drivers/STM32F4xx_HAL_Driver/Src/stm32f4xx_hal_cortex.c.obj
 .text.__NVIC_GetPriorityGrouping
                0x08000910       0x1c CMakeFiles/TEST.elf.dir/Drivers/STM32F4xx_HAL_Driver/Src/stm32f4xx_hal_cortex.c.obj
 .text.__NVIC_EnableIRQ
                0x0800092c       0x38 CMakeFiles/TEST.elf.dir/Drivers/STM32F4xx_HAL_Driver/Src/stm32f4xx_hal_cortex.c.obj
 .text.__NVIC_SetPriority
                0x08000964       0x54 CMakeFiles/TEST.elf.dir/Drivers/STM32F4xx_HAL_Driver/Src/stm32f4xx_hal_cortex.c.obj
 .text.NVIC_EncodePriority
                0x080009b8       0x64 CMakeFiles/TEST.elf.dir/Drivers/STM32F4xx_HAL_Driver/Src/stm32f4xx_hal_cortex.c.obj
 .text.SysTick_Config
                0x08000a1c       0x44 CMakeFiles/TEST.elf.dir/Drivers/STM32F4xx_HAL_Driver/Src/stm32f4xx_hal_cortex.c.obj
 .text.HAL_NVIC_SetPriorityGrouping
                0x08000a60       0x16 CMakeFiles/TEST.elf.dir/Drivers/STM32F4xx_HAL_Driver/Src/stm32f4xx_hal_cortex.c.obj
                0x08000a60                HAL_NVIC_SetPriorityGrouping
 .text.HAL_NVIC_SetPriority
                0x08000a76       0x38 CMakeFiles/TEST.elf.dir/Drivers/STM32F4xx_HAL_Driver/Src/stm32f4xx_hal_cortex.c.obj
                0x08000a76                HAL_NVIC_SetPriority
 .text.HAL_NVIC_EnableIRQ
                0x08000aae       0x1c CMakeFiles/TEST.elf.dir/Drivers/STM32F4xx_HAL_Driver/Src/stm32f4xx_hal_cortex.c.obj
                0x08000aae                HAL_NVIC_EnableIRQ
 .text.HAL_SYSTICK_Config
                0x08000aca       0x18 CMakeFiles/TEST.elf.dir/Drivers/STM32F4xx_HAL_Driver/Src/stm32f4xx_hal_cortex.c.obj
                0x08000aca                HAL_SYSTICK_Config
 *fill*         0x08000ae2        0x2 
 .text.HAL_GPIO_Init
                0x08000ae4      0x354 CMakeFiles/TEST.elf.dir/Drivers/STM32F4xx_HAL_Driver/Src/stm32f4xx_hal_gpio.c.obj
                0x08000ae4                HAL_GPIO_Init
 .text.HAL_GPIO_WritePin
                0x08000e38       0x30 CMakeFiles/TEST.elf.dir/Drivers/STM32F4xx_HAL_Driver/Src/stm32f4xx_hal_gpio.c.obj
                0x08000e38                HAL_GPIO_WritePin
 .text.HAL_GPIO_TogglePin
                0x08000e68       0x34 CMakeFiles/TEST.elf.dir/Drivers/STM32F4xx_HAL_Driver/Src/stm32f4xx_hal_gpio.c.obj
                0x08000e68                HAL_GPIO_TogglePin
 .text.HAL_GPIO_EXTI_IRQHandler
                0x08000e9c       0x40 CMakeFiles/TEST.elf.dir/Drivers/STM32F4xx_HAL_Driver/Src/stm32f4xx_hal_gpio.c.obj
                0x08000e9c                HAL_GPIO_EXTI_IRQHandler
 .text.HAL_GPIO_EXTI_Callback
                0x08000edc       0x14 CMakeFiles/TEST.elf.dir/Drivers/STM32F4xx_HAL_Driver/Src/stm32f4xx_hal_gpio.c.obj
                0x08000edc                HAL_GPIO_EXTI_Callback
 .text.HAL_PWREx_EnableOverDrive
                0x08000ef0       0xa0 CMakeFiles/TEST.elf.dir/Drivers/STM32F4xx_HAL_Driver/Src/stm32f4xx_hal_pwr_ex.c.obj
                0x08000ef0                HAL_PWREx_EnableOverDrive
 .text.HAL_RCC_OscConfig
                0x08000f90      0x4dc CMakeFiles/TEST.elf.dir/Drivers/STM32F4xx_HAL_Driver/Src/stm32f4xx_hal_rcc.c.obj
                0x08000f90                HAL_RCC_OscConfig
 .text.HAL_RCC_ClockConfig
                0x0800146c      0x1cc CMakeFiles/TEST.elf.dir/Drivers/STM32F4xx_HAL_Driver/Src/stm32f4xx_hal_rcc.c.obj
                0x0800146c                HAL_RCC_ClockConfig
 .text.HAL_RCC_GetSysClockFreq
                0x08001638      0x18c CMakeFiles/TEST.elf.dir/Drivers/STM32F4xx_HAL_Driver/Src/stm32f4xx_hal_rcc.c.obj
                0x08001638                HAL_RCC_GetSysClockFreq
 .text.__libc_init_array
                0x080017c4       0x48 c:/progra~2/gnuarm~1/102021~1.10/bin/../lib/gcc/arm-none-eabi/10.3.1/../../../../arm-none-eabi/lib/thumb/v7e-m/nofp\libg.a(lib_a-init.o)
                0x080017c4                __libc_init_array
 .text.memset   0x0800180c       0xa4 c:/progra~2/gnuarm~1/102021~1.10/bin/../lib/gcc/arm-none-eabi/10.3.1/../../../../arm-none-eabi/lib/thumb/v7e-m/nofp\libg.a(lib_a-memset.o)
                0x0800180c                memset
 .text.startup.register_fini
                0x080018b0       0x14 c:/progra~2/gnuarm~1/102021~1.10/bin/../lib/gcc/arm-none-eabi/10.3.1/../../../../arm-none-eabi/lib/thumb/v7e-m/nofp\libg.a(lib_a-__call_atexit.o)
 .text.atexit   0x080018c4        0xc c:/progra~2/gnuarm~1/102021~1.10/bin/../lib/gcc/arm-none-eabi/10.3.1/../../../../arm-none-eabi/lib/thumb/v7e-m/nofp\libg.a(lib_a-atexit.o)
                0x080018c4                atexit
 .text.__libc_fini_array
                0x080018d0       0x2c c:/progra~2/gnuarm~1/102021~1.10/bin/../lib/gcc/arm-none-eabi/10.3.1/../../../../arm-none-eabi/lib/thumb/v7e-m/nofp\libg.a(lib_a-fini.o)
                0x080018d0                __libc_fini_array
 .text.__retarget_lock_acquire_recursive
                0x080018fc        0x4 c:/progra~2/gnuarm~1/102021~1.10/bin/../lib/gcc/arm-none-eabi/10.3.1/../../../../arm-none-eabi/lib/thumb/v7e-m/nofp\libg.a(lib_a-lock.o)
                0x080018fc                __retarget_lock_acquire_recursive
 .text.__retarget_lock_release_recursive
                0x08001900        0x4 c:/progra~2/gnuarm~1/102021~1.10/bin/../lib/gcc/arm-none-eabi/10.3.1/../../../../arm-none-eabi/lib/thumb/v7e-m/nofp\libg.a(lib_a-lock.o)
                0x08001900                __retarget_lock_release_recursive
 .text.__register_exitproc
                0x08001904       0x8c c:/progra~2/gnuarm~1/102021~1.10/bin/../lib/gcc/arm-none-eabi/10.3.1/../../../../arm-none-eabi/lib/thumb/v7e-m/nofp\libg.a(lib_a-__atexit.o)
                0x08001904                __register_exitproc
 *(.glue_7)
 .glue_7        0x08001990        0x0 linker stubs
 *(.glue_7t)
 .glue_7t       0x08001990        0x0 linker stubs
 *(.eh_frame)
 .eh_frame      0x08001990        0x0 c:/progra~2/gnuarm~1/102021~1.10/bin/../lib/gcc/arm-none-eabi/10.3.1/thumb/v7e-m/nofp/crtbegin.o
 *(.init)
 .init          0x08001990        0x4 c:/progra~2/gnuarm~1/102021~1.10/bin/../lib/gcc/arm-none-eabi/10.3.1/thumb/v7e-m/nofp/crti.o
                0x08001990                _init
 .init          0x08001994        0x8 c:/progra~2/gnuarm~1/102021~1.10/bin/../lib/gcc/arm-none-eabi/10.3.1/thumb/v7e-m/nofp/crtn.o
 *(.fini)
 .fini          0x0800199c        0x4 c:/progra~2/gnuarm~1/102021~1.10/bin/../lib/gcc/arm-none-eabi/10.3.1/thumb/v7e-m/nofp/crti.o
                0x0800199c                _fini
 .fini          0x080019a0        0x8 c:/progra~2/gnuarm~1/102021~1.10/bin/../lib/gcc/arm-none-eabi/10.3.1/thumb/v7e-m/nofp/crtn.o
                0x080019a8                . = ALIGN (0x4)
                0x080019a8                _etext = .

.vfp11_veneer   0x080019a8        0x0
 .vfp11_veneer  0x080019a8        0x0 linker stubs

.v4_bx          0x080019a8        0x0
 .v4_bx         0x080019a8        0x0 linker stubs

.iplt           0x080019a8        0x0
 .iplt          0x080019a8        0x0 c:/progra~2/gnuarm~1/102021~1.10/bin/../lib/gcc/arm-none-eabi/10.3.1/thumb/v7e-m/nofp/crtbegin.o

.rodata         0x080019a8       0x14
                0x080019a8                . = ALIGN (0x4)
 *(.rodata)
 *(.rodata*)
 .rodata.AHBPrescTable
                0x080019a8       0x10 CMakeFiles/TEST.elf.dir/Core/Src/system_stm32f4xx.c.obj
                0x080019a8                AHBPrescTable
 .rodata._global_impure_ptr
                0x080019b8        0x4 c:/progra~2/gnuarm~1/102021~1.10/bin/../lib/gcc/arm-none-eabi/10.3.1/../../../../arm-none-eabi/lib/thumb/v7e-m/nofp\libg.a(lib_a-impure.o)
                0x080019b8                _global_impure_ptr
                0x080019bc                . = ALIGN (0x4)

.ARM.extab      0x080019bc        0x0
                0x080019bc                . = ALIGN (0x4)
 *(.ARM.extab* .gnu.linkonce.armextab.*)
                0x080019bc                . = ALIGN (0x4)

.ARM            0x080019bc        0x8
                0x080019bc                . = ALIGN (0x4)
                0x080019bc                __exidx_start = .
 *(.ARM.exidx*)
 .ARM.exidx     0x080019bc        0x8 c:/progra~2/gnuarm~1/102021~1.10/bin/../lib/gcc/arm-none-eabi/10.3.1/thumb/v7e-m/nofp\libgcc.a(_udivmoddi4.o)
                0x080019c4                __exidx_end = .
                0x080019c4                . = ALIGN (0x4)

.rel.dyn        0x080019c4        0x0
 .rel.iplt      0x080019c4        0x0 c:/progra~2/gnuarm~1/102021~1.10/bin/../lib/gcc/arm-none-eabi/10.3.1/thumb/v7e-m/nofp/crtbegin.o

.preinit_array  0x080019c4        0x0
                0x080019c4                . = ALIGN (0x4)
                0x080019c4                PROVIDE (__preinit_array_start = .)
 *(.preinit_array*)
                0x080019c4                PROVIDE (__preinit_array_end = .)
                0x080019c4                . = ALIGN (0x4)

.init_array     0x080019c4        0x8
                0x080019c4                . = ALIGN (0x4)
                0x080019c4                PROVIDE (__init_array_start = .)
 *(SORT_BY_NAME(.init_array.*))
 .init_array.00000
                0x080019c4        0x4 c:/progra~2/gnuarm~1/102021~1.10/bin/../lib/gcc/arm-none-eabi/10.3.1/../../../../arm-none-eabi/lib/thumb/v7e-m/nofp\libg.a(lib_a-__call_atexit.o)
 *(.init_array*)
 .init_array    0x080019c8        0x4 c:/progra~2/gnuarm~1/102021~1.10/bin/../lib/gcc/arm-none-eabi/10.3.1/thumb/v7e-m/nofp/crtbegin.o
                0x080019cc                PROVIDE (__init_array_end = .)
                0x080019cc                . = ALIGN (0x4)

.fini_array     0x080019cc        0x4
                0x080019cc                . = ALIGN (0x4)
                0x080019cc                PROVIDE (__fini_array_start = .)
 *(SORT_BY_NAME(.fini_array.*))
 *(.fini_array*)
 .fini_array    0x080019cc        0x4 c:/progra~2/gnuarm~1/102021~1.10/bin/../lib/gcc/arm-none-eabi/10.3.1/thumb/v7e-m/nofp/crtbegin.o
                0x080019d0                PROVIDE (__fini_array_end = .)
                0x080019d0                . = ALIGN (0x4)
                0x080019d0                _sidata = LOADADDR (.data)

.data           0x20000000      0x43c load address 0x080019d0
                0x20000000                . = ALIGN (0x4)
                0x20000000                _sdata = .
 *(.data)
 *(.data*)
 .data.SystemCoreClock
                0x20000000        0x4 CMakeFiles/TEST.elf.dir/Core/Src/system_stm32f4xx.c.obj
                0x20000000                SystemCoreClock
 .data.uwTickPrio
                0x20000004        0x4 CMakeFiles/TEST.elf.dir/Drivers/STM32F4xx_HAL_Driver/Src/stm32f4xx_hal.c.obj
                0x20000004                uwTickPrio
 .data.uwTickFreq
                0x20000008        0x1 CMakeFiles/TEST.elf.dir/Drivers/STM32F4xx_HAL_Driver/Src/stm32f4xx_hal.c.obj
                0x20000008                uwTickFreq
 *fill*         0x20000009        0x7 
 .data.impure_data
                0x20000010      0x428 c:/progra~2/gnuarm~1/102021~1.10/bin/../lib/gcc/arm-none-eabi/10.3.1/../../../../arm-none-eabi/lib/thumb/v7e-m/nofp\libg.a(lib_a-impure.o)
 .data.__atexit_recursive_mutex
                0x20000438        0x4 c:/progra~2/gnuarm~1/102021~1.10/bin/../lib/gcc/arm-none-eabi/10.3.1/../../../../arm-none-eabi/lib/thumb/v7e-m/nofp\libg.a(lib_a-__call_atexit.o)
                0x20000438                __atexit_recursive_mutex
                0x2000043c                . = ALIGN (0x4)
                0x2000043c                _edata = .

.igot.plt       0x2000043c        0x0 load address 0x08001e0c
 .igot.plt      0x2000043c        0x0 c:/progra~2/gnuarm~1/102021~1.10/bin/../lib/gcc/arm-none-eabi/10.3.1/thumb/v7e-m/nofp/crtbegin.o
                0x2000043c                . = ALIGN (0x4)

.bss            0x2000043c       0x24 load address 0x08001e0c
                0x2000043c                _sbss = .
                0x2000043c                __bss_start__ = _sbss
 *(.bss)
 .bss           0x2000043c       0x1c c:/progra~2/gnuarm~1/102021~1.10/bin/../lib/gcc/arm-none-eabi/10.3.1/thumb/v7e-m/nofp/crtbegin.o
 *(.bss*)
 .bss.uwTick    0x20000458        0x4 CMakeFiles/TEST.elf.dir/Drivers/STM32F4xx_HAL_Driver/Src/stm32f4xx_hal.c.obj
                0x20000458                uwTick
 .bss.__lock___atexit_recursive_mutex
                0x2000045c        0x1 c:/progra~2/gnuarm~1/102021~1.10/bin/../lib/gcc/arm-none-eabi/10.3.1/../../../../arm-none-eabi/lib/thumb/v7e-m/nofp\libg.a(lib_a-lock.o)
                0x2000045c                __lock___atexit_recursive_mutex
 *(COMMON)
                0x20000460                . = ALIGN (0x4)
 *fill*         0x2000045d        0x3 
                0x20000460                _ebss = .
                0x20000460                __bss_end__ = _ebss

._user_heap_stack
                0x20000460      0x600 load address 0x08001e0c
                0x20000460                . = ALIGN (0x8)
                [!provide]                PROVIDE (end = .)
                0x20000460                PROVIDE (_end = .)
                0x20000660                . = (. + _Min_Heap_Size)
 *fill*         0x20000460      0x200 
                0x20000a60                . = (. + _Min_Stack_Size)
 *fill*         0x20000660      0x400 
                0x20000a60                . = ALIGN (0x8)

/DISCARD/
 libc.a(*)
 libm.a(*)
 libgcc.a(*)

.ARM.attributes
                0x00000000       0x2a
 *(.ARM.attributes)
 .ARM.attributes
                0x00000000       0x1e c:/progra~2/gnuarm~1/102021~1.10/bin/../lib/gcc/arm-none-eabi/10.3.1/thumb/v7e-m/nofp/crti.o
 .ARM.attributes
                0x0000001e       0x2e c:/progra~2/gnuarm~1/102021~1.10/bin/../lib/gcc/arm-none-eabi/10.3.1/thumb/v7e-m/nofp/crtbegin.o
 .ARM.attributes
                0x0000004c       0x2e CMakeFiles/TEST.elf.dir/Core/Src/main.c.obj
 .ARM.attributes
                0x0000007a       0x2e CMakeFiles/TEST.elf.dir/Core/Src/stm32f4xx_hal_msp.c.obj
 .ARM.attributes
                0x000000a8       0x2e CMakeFiles/TEST.elf.dir/Core/Src/stm32f4xx_it.c.obj
 .ARM.attributes
                0x000000d6       0x2e CMakeFiles/TEST.elf.dir/Core/Src/system_stm32f4xx.c.obj
 .ARM.attributes
                0x00000104       0x21 CMakeFiles/TEST.elf.dir/Core/Startup/startup_stm32f429igtx.s.obj
 .ARM.attributes
                0x00000125       0x2e CMakeFiles/TEST.elf.dir/Drivers/STM32F4xx_HAL_Driver/Src/stm32f4xx_hal.c.obj
 .ARM.attributes
                0x00000153       0x2e CMakeFiles/TEST.elf.dir/Drivers/STM32F4xx_HAL_Driver/Src/stm32f4xx_hal_cortex.c.obj
 .ARM.attributes
                0x00000181       0x2e CMakeFiles/TEST.elf.dir/Drivers/STM32F4xx_HAL_Driver/Src/stm32f4xx_hal_gpio.c.obj
 .ARM.attributes
                0x000001af       0x2e CMakeFiles/TEST.elf.dir/Drivers/STM32F4xx_HAL_Driver/Src/stm32f4xx_hal_pwr_ex.c.obj
 .ARM.attributes
                0x000001dd       0x2e CMakeFiles/TEST.elf.dir/Drivers/STM32F4xx_HAL_Driver/Src/stm32f4xx_hal_rcc.c.obj
 .ARM.attributes
                0x0000020b       0x1e c:/progra~2/gnuarm~1/102021~1.10/bin/../lib/gcc/arm-none-eabi/10.3.1/thumb/v7e-m/nofp\libgcc.a(_aeabi_uldivmod.o)
 .ARM.attributes
                0x00000229       0x2e c:/progra~2/gnuarm~1/102021~1.10/bin/../lib/gcc/arm-none-eabi/10.3.1/thumb/v7e-m/nofp\libgcc.a(_udivmoddi4.o)
 .ARM.attributes
                0x00000257       0x1e c:/progra~2/gnuarm~1/102021~1.10/bin/../lib/gcc/arm-none-eabi/10.3.1/thumb/v7e-m/nofp\libgcc.a(_dvmd_tls.o)
 .ARM.attributes
                0x00000275       0x2e c:/progra~2/gnuarm~1/102021~1.10/bin/../lib/gcc/arm-none-eabi/10.3.1/../../../../arm-none-eabi/lib/thumb/v7e-m/nofp\libg.a(lib_a-impure.o)
 .ARM.attributes
                0x000002a3       0x2e c:/progra~2/gnuarm~1/102021~1.10/bin/../lib/gcc/arm-none-eabi/10.3.1/../../../../arm-none-eabi/lib/thumb/v7e-m/nofp\libg.a(lib_a-init.o)
 .ARM.attributes
                0x000002d1       0x2e c:/progra~2/gnuarm~1/102021~1.10/bin/../lib/gcc/arm-none-eabi/10.3.1/../../../../arm-none-eabi/lib/thumb/v7e-m/nofp\libg.a(lib_a-memset.o)
 .ARM.attributes
                0x000002ff       0x2e c:/progra~2/gnuarm~1/102021~1.10/bin/../lib/gcc/arm-none-eabi/10.3.1/../../../../arm-none-eabi/lib/thumb/v7e-m/nofp\libg.a(lib_a-__call_atexit.o)
 .ARM.attributes
                0x0000032d       0x2e c:/progra~2/gnuarm~1/102021~1.10/bin/../lib/gcc/arm-none-eabi/10.3.1/../../../../arm-none-eabi/lib/thumb/v7e-m/nofp\libg.a(lib_a-atexit.o)
 .ARM.attributes
                0x0000035b       0x2e c:/progra~2/gnuarm~1/102021~1.10/bin/../lib/gcc/arm-none-eabi/10.3.1/../../../../arm-none-eabi/lib/thumb/v7e-m/nofp\libg.a(lib_a-fini.o)
 .ARM.attributes
                0x00000389       0x2e c:/progra~2/gnuarm~1/102021~1.10/bin/../lib/gcc/arm-none-eabi/10.3.1/../../../../arm-none-eabi/lib/thumb/v7e-m/nofp\libg.a(lib_a-lock.o)
 .ARM.attributes
                0x000003b7       0x2e c:/progra~2/gnuarm~1/102021~1.10/bin/../lib/gcc/arm-none-eabi/10.3.1/../../../../arm-none-eabi/lib/thumb/v7e-m/nofp\libg.a(lib_a-__atexit.o)
 .ARM.attributes
                0x000003e5       0x1e c:/progra~2/gnuarm~1/102021~1.10/bin/../lib/gcc/arm-none-eabi/10.3.1/thumb/v7e-m/nofp/crtn.o
OUTPUT(TEST.elf elf32-littlearm)
LOAD linker stubs
LOAD c:/progra~2/gnuarm~1/102021~1.10/bin/../lib/gcc/arm-none-eabi/10.3.1/../../../../arm-none-eabi/lib/thumb/v7e-m/nofp\libc.a
LOAD c:/progra~2/gnuarm~1/102021~1.10/bin/../lib/gcc/arm-none-eabi/10.3.1/../../../../arm-none-eabi/lib/thumb/v7e-m/nofp\libm.a
LOAD c:/progra~2/gnuarm~1/102021~1.10/bin/../lib/gcc/arm-none-eabi/10.3.1/thumb/v7e-m/nofp\libgcc.a

.debug_info     0x00000000     0x413c
 .debug_info    0x00000000      0x8ad CMakeFiles/TEST.elf.dir/Core/Src/main.c.obj
 .debug_info    0x000008ad      0x2b9 CMakeFiles/TEST.elf.dir/Core/Src/stm32f4xx_hal_msp.c.obj
 .debug_info    0x00000b66      0x138 CMakeFiles/TEST.elf.dir/Core/Src/stm32f4xx_it.c.obj
 .debug_info    0x00000c9e      0x534 CMakeFiles/TEST.elf.dir/Core/Src/system_stm32f4xx.c.obj
 .debug_info    0x000011d2       0x22 CMakeFiles/TEST.elf.dir/Core/Startup/startup_stm32f429igtx.s.obj
 .debug_info    0x000011f4      0x996 CMakeFiles/TEST.elf.dir/Drivers/STM32F4xx_HAL_Driver/Src/stm32f4xx_hal.c.obj
 .debug_info    0x00001b8a      0xe46 CMakeFiles/TEST.elf.dir/Drivers/STM32F4xx_HAL_Driver/Src/stm32f4xx_hal_cortex.c.obj
 .debug_info    0x000029d0      0x76b CMakeFiles/TEST.elf.dir/Drivers/STM32F4xx_HAL_Driver/Src/stm32f4xx_hal_gpio.c.obj
 .debug_info    0x0000313b      0x6cf CMakeFiles/TEST.elf.dir/Drivers/STM32F4xx_HAL_Driver/Src/stm32f4xx_hal_pwr_ex.c.obj
 .debug_info    0x0000380a      0x932 CMakeFiles/TEST.elf.dir/Drivers/STM32F4xx_HAL_Driver/Src/stm32f4xx_hal_rcc.c.obj

.debug_abbrev   0x00000000      0xe97
 .debug_abbrev  0x00000000      0x179 CMakeFiles/TEST.elf.dir/Core/Src/main.c.obj
 .debug_abbrev  0x00000179       0xd1 CMakeFiles/TEST.elf.dir/Core/Src/stm32f4xx_hal_msp.c.obj
 .debug_abbrev  0x0000024a       0x6d CMakeFiles/TEST.elf.dir/Core/Src/stm32f4xx_it.c.obj
 .debug_abbrev  0x000002b7      0x113 CMakeFiles/TEST.elf.dir/Core/Src/system_stm32f4xx.c.obj
 .debug_abbrev  0x000003ca       0x12 CMakeFiles/TEST.elf.dir/Core/Startup/startup_stm32f429igtx.s.obj
 .debug_abbrev  0x000003dc      0x1d7 CMakeFiles/TEST.elf.dir/Drivers/STM32F4xx_HAL_Driver/Src/stm32f4xx_hal.c.obj
 .debug_abbrev  0x000005b3      0x313 CMakeFiles/TEST.elf.dir/Drivers/STM32F4xx_HAL_Driver/Src/stm32f4xx_hal_cortex.c.obj
 .debug_abbrev  0x000008c6      0x1c1 CMakeFiles/TEST.elf.dir/Drivers/STM32F4xx_HAL_Driver/Src/stm32f4xx_hal_gpio.c.obj
 .debug_abbrev  0x00000a87      0x1b1 CMakeFiles/TEST.elf.dir/Drivers/STM32F4xx_HAL_Driver/Src/stm32f4xx_hal_pwr_ex.c.obj
 .debug_abbrev  0x00000c38      0x25f CMakeFiles/TEST.elf.dir/Drivers/STM32F4xx_HAL_Driver/Src/stm32f4xx_hal_rcc.c.obj

.debug_aranges  0x00000000      0x468
 .debug_aranges
                0x00000000       0x38 CMakeFiles/TEST.elf.dir/Core/Src/main.c.obj
 .debug_aranges
                0x00000038       0x20 CMakeFiles/TEST.elf.dir/Core/Src/stm32f4xx_hal_msp.c.obj
 .debug_aranges
                0x00000058       0x68 CMakeFiles/TEST.elf.dir/Core/Src/stm32f4xx_it.c.obj
 .debug_aranges
                0x000000c0       0x28 CMakeFiles/TEST.elf.dir/Core/Src/system_stm32f4xx.c.obj
 .debug_aranges
                0x000000e8       0x28 CMakeFiles/TEST.elf.dir/Core/Startup/startup_stm32f429igtx.s.obj
 .debug_aranges
                0x00000110      0x100 CMakeFiles/TEST.elf.dir/Drivers/STM32F4xx_HAL_Driver/Src/stm32f4xx_hal.c.obj
 .debug_aranges
                0x00000210      0x118 CMakeFiles/TEST.elf.dir/Drivers/STM32F4xx_HAL_Driver/Src/stm32f4xx_hal_cortex.c.obj
 .debug_aranges
                0x00000328       0x58 CMakeFiles/TEST.elf.dir/Drivers/STM32F4xx_HAL_Driver/Src/stm32f4xx_hal_gpio.c.obj
 .debug_aranges
                0x00000380       0x60 CMakeFiles/TEST.elf.dir/Drivers/STM32F4xx_HAL_Driver/Src/stm32f4xx_hal_pwr_ex.c.obj
 .debug_aranges
                0x000003e0       0x88 CMakeFiles/TEST.elf.dir/Drivers/STM32F4xx_HAL_Driver/Src/stm32f4xx_hal_rcc.c.obj

.debug_ranges   0x00000000      0x3d0
 .debug_ranges  0x00000000       0x28 CMakeFiles/TEST.elf.dir/Core/Src/main.c.obj
 .debug_ranges  0x00000028       0x10 CMakeFiles/TEST.elf.dir/Core/Src/stm32f4xx_hal_msp.c.obj
 .debug_ranges  0x00000038       0x58 CMakeFiles/TEST.elf.dir/Core/Src/stm32f4xx_it.c.obj
 .debug_ranges  0x00000090       0x18 CMakeFiles/TEST.elf.dir/Core/Src/system_stm32f4xx.c.obj
 .debug_ranges  0x000000a8       0x20 CMakeFiles/TEST.elf.dir/Core/Startup/startup_stm32f429igtx.s.obj
 .debug_ranges  0x000000c8       0xf0 CMakeFiles/TEST.elf.dir/Drivers/STM32F4xx_HAL_Driver/Src/stm32f4xx_hal.c.obj
 .debug_ranges  0x000001b8      0x108 CMakeFiles/TEST.elf.dir/Drivers/STM32F4xx_HAL_Driver/Src/stm32f4xx_hal_cortex.c.obj
 .debug_ranges  0x000002c0       0x48 CMakeFiles/TEST.elf.dir/Drivers/STM32F4xx_HAL_Driver/Src/stm32f4xx_hal_gpio.c.obj
 .debug_ranges  0x00000308       0x50 CMakeFiles/TEST.elf.dir/Drivers/STM32F4xx_HAL_Driver/Src/stm32f4xx_hal_pwr_ex.c.obj
 .debug_ranges  0x00000358       0x78 CMakeFiles/TEST.elf.dir/Drivers/STM32F4xx_HAL_Driver/Src/stm32f4xx_hal_rcc.c.obj

.debug_line     0x00000000     0x2c29
 .debug_line    0x00000000      0x2f1 CMakeFiles/TEST.elf.dir/Core/Src/main.c.obj
 .debug_line    0x000002f1      0x19f CMakeFiles/TEST.elf.dir/Core/Src/stm32f4xx_hal_msp.c.obj
 .debug_line    0x00000490      0x1ec CMakeFiles/TEST.elf.dir/Core/Src/stm32f4xx_it.c.obj
 .debug_line    0x0000067c      0x29f CMakeFiles/TEST.elf.dir/Core/Src/system_stm32f4xx.c.obj
 .debug_line    0x0000091b       0xbb CMakeFiles/TEST.elf.dir/Core/Startup/startup_stm32f429igtx.s.obj
 .debug_line    0x000009d6      0x5cb CMakeFiles/TEST.elf.dir/Drivers/STM32F4xx_HAL_Driver/Src/stm32f4xx_hal.c.obj
 .debug_line    0x00000fa1      0x82d CMakeFiles/TEST.elf.dir/Drivers/STM32F4xx_HAL_Driver/Src/stm32f4xx_hal_cortex.c.obj
 .debug_line    0x000017ce      0x6dc CMakeFiles/TEST.elf.dir/Drivers/STM32F4xx_HAL_Driver/Src/stm32f4xx_hal_gpio.c.obj
 .debug_line    0x00001eaa      0x49b CMakeFiles/TEST.elf.dir/Drivers/STM32F4xx_HAL_Driver/Src/stm32f4xx_hal_pwr_ex.c.obj
 .debug_line    0x00002345      0x8e4 CMakeFiles/TEST.elf.dir/Drivers/STM32F4xx_HAL_Driver/Src/stm32f4xx_hal_rcc.c.obj

.debug_str      0x00000000     0x1aa0
 .debug_str     0x00000000      0xa1f CMakeFiles/TEST.elf.dir/Core/Src/main.c.obj
                                0xa77 (size before relaxing)
 .debug_str     0x00000a1f       0x62 CMakeFiles/TEST.elf.dir/Core/Src/stm32f4xx_hal_msp.c.obj
                                0x31c (size before relaxing)
 .debug_str     0x00000a81       0xf6 CMakeFiles/TEST.elf.dir/Core/Src/stm32f4xx_it.c.obj
                                0x29a (size before relaxing)
 .debug_str     0x00000b77      0x111 CMakeFiles/TEST.elf.dir/Core/Src/system_stm32f4xx.c.obj
                                0x3d6 (size before relaxing)
 .debug_str     0x00000c88       0x6c CMakeFiles/TEST.elf.dir/Core/Startup/startup_stm32f429igtx.s.obj
                                 0xb7 (size before relaxing)
 .debug_str     0x00000cf4      0x3b7 CMakeFiles/TEST.elf.dir/Drivers/STM32F4xx_HAL_Driver/Src/stm32f4xx_hal.c.obj
                                0xc15 (size before relaxing)
 .debug_str     0x000010ab      0x4ea CMakeFiles/TEST.elf.dir/Drivers/STM32F4xx_HAL_Driver/Src/stm32f4xx_hal_cortex.c.obj
                                0xcde (size before relaxing)
 .debug_str     0x00001595      0x18e CMakeFiles/TEST.elf.dir/Drivers/STM32F4xx_HAL_Driver/Src/stm32f4xx_hal_gpio.c.obj
                                0x541 (size before relaxing)
 .debug_str     0x00001723      0x18e CMakeFiles/TEST.elf.dir/Drivers/STM32F4xx_HAL_Driver/Src/stm32f4xx_hal_pwr_ex.c.obj
                                0x520 (size before relaxing)
 .debug_str     0x000018b1      0x1ef CMakeFiles/TEST.elf.dir/Drivers/STM32F4xx_HAL_Driver/Src/stm32f4xx_hal_rcc.c.obj
                                0x72f (size before relaxing)

.comment        0x00000000       0x49
 .comment       0x00000000       0x49 CMakeFiles/TEST.elf.dir/Core/Src/main.c.obj
                                 0x4a (size before relaxing)
 .comment       0x00000049       0x4a CMakeFiles/TEST.elf.dir/Core/Src/stm32f4xx_hal_msp.c.obj
 .comment       0x00000049       0x4a CMakeFiles/TEST.elf.dir/Core/Src/stm32f4xx_it.c.obj
 .comment       0x00000049       0x4a CMakeFiles/TEST.elf.dir/Core/Src/system_stm32f4xx.c.obj
 .comment       0x00000049       0x4a CMakeFiles/TEST.elf.dir/Drivers/STM32F4xx_HAL_Driver/Src/stm32f4xx_hal.c.obj
 .comment       0x00000049       0x4a CMakeFiles/TEST.elf.dir/Drivers/STM32F4xx_HAL_Driver/Src/stm32f4xx_hal_cortex.c.obj
 .comment       0x00000049       0x4a CMakeFiles/TEST.elf.dir/Drivers/STM32F4xx_HAL_Driver/Src/stm32f4xx_hal_gpio.c.obj
 .comment       0x00000049       0x4a CMakeFiles/TEST.elf.dir/Drivers/STM32F4xx_HAL_Driver/Src/stm32f4xx_hal_pwr_ex.c.obj
 .comment       0x00000049       0x4a CMakeFiles/TEST.elf.dir/Drivers/STM32F4xx_HAL_Driver/Src/stm32f4xx_hal_rcc.c.obj

.debug_frame    0x00000000     0x116c
 .debug_frame   0x00000000       0x94 CMakeFiles/TEST.elf.dir/Core/Src/main.c.obj
 .debug_frame   0x00000094       0x34 CMakeFiles/TEST.elf.dir/Core/Src/stm32f4xx_hal_msp.c.obj
 .debug_frame   0x000000c8      0x128 CMakeFiles/TEST.elf.dir/Core/Src/stm32f4xx_it.c.obj
 .debug_frame   0x000001f0       0x58 CMakeFiles/TEST.elf.dir/Core/Src/system_stm32f4xx.c.obj
 .debug_frame   0x00000248      0x3b4 CMakeFiles/TEST.elf.dir/Drivers/STM32F4xx_HAL_Driver/Src/stm32f4xx_hal.c.obj
 .debug_frame   0x000005fc      0x498 CMakeFiles/TEST.elf.dir/Drivers/STM32F4xx_HAL_Driver/Src/stm32f4xx_hal_cortex.c.obj
 .debug_frame   0x00000a94      0x14c CMakeFiles/TEST.elf.dir/Drivers/STM32F4xx_HAL_Driver/Src/stm32f4xx_hal_gpio.c.obj
 .debug_frame   0x00000be0      0x14c CMakeFiles/TEST.elf.dir/Drivers/STM32F4xx_HAL_Driver/Src/stm32f4xx_hal_pwr_ex.c.obj
 .debug_frame   0x00000d2c      0x1f4 CMakeFiles/TEST.elf.dir/Drivers/STM32F4xx_HAL_Driver/Src/stm32f4xx_hal_rcc.c.obj
 .debug_frame   0x00000f20       0x2c c:/progra~2/gnuarm~1/102021~1.10/bin/../lib/gcc/arm-none-eabi/10.3.1/thumb/v7e-m/nofp\libgcc.a(_aeabi_uldivmod.o)
 .debug_frame   0x00000f4c       0x34 c:/progra~2/gnuarm~1/102021~1.10/bin/../lib/gcc/arm-none-eabi/10.3.1/thumb/v7e-m/nofp\libgcc.a(_udivmoddi4.o)
 .debug_frame   0x00000f80       0x2c c:/progra~2/gnuarm~1/102021~1.10/bin/../lib/gcc/arm-none-eabi/10.3.1/../../../../arm-none-eabi/lib/thumb/v7e-m/nofp\libg.a(lib_a-init.o)
 .debug_frame   0x00000fac       0x2c c:/progra~2/gnuarm~1/102021~1.10/bin/../lib/gcc/arm-none-eabi/10.3.1/../../../../arm-none-eabi/lib/thumb/v7e-m/nofp\libg.a(lib_a-memset.o)
 .debug_frame   0x00000fd8       0x5c c:/progra~2/gnuarm~1/102021~1.10/bin/../lib/gcc/arm-none-eabi/10.3.1/../../../../arm-none-eabi/lib/thumb/v7e-m/nofp\libg.a(lib_a-__call_atexit.o)
 .debug_frame   0x00001034       0x20 c:/progra~2/gnuarm~1/102021~1.10/bin/../lib/gcc/arm-none-eabi/10.3.1/../../../../arm-none-eabi/lib/thumb/v7e-m/nofp\libg.a(lib_a-atexit.o)
 .debug_frame   0x00001054       0x34 c:/progra~2/gnuarm~1/102021~1.10/bin/../lib/gcc/arm-none-eabi/10.3.1/../../../../arm-none-eabi/lib/thumb/v7e-m/nofp\libg.a(lib_a-fini.o)
 .debug_frame   0x00001088       0xb0 c:/progra~2/gnuarm~1/102021~1.10/bin/../lib/gcc/arm-none-eabi/10.3.1/../../../../arm-none-eabi/lib/thumb/v7e-m/nofp\libg.a(lib_a-lock.o)
 .debug_frame   0x00001138       0x34 c:/progra~2/gnuarm~1/102021~1.10/bin/../lib/gcc/arm-none-eabi/10.3.1/../../../../arm-none-eabi/lib/thumb/v7e-m/nofp\libg.a(lib_a-__atexit.o)
